Component: ARM Compiler 5.06 update 6 (build 750) Tool: armlink [4d35ed]

==============================================================================

Section Cross References

    startup_stm32f103xe.o(STACK) refers (Special) to heapauxi.o(.text) for __use_two_region_memory
    startup_stm32f103xe.o(HEAP) refers (Special) to heapauxi.o(.text) for __use_two_region_memory
    startup_stm32f103xe.o(RESET) refers (Special) to heapauxi.o(.text) for __use_two_region_memory
    startup_stm32f103xe.o(RESET) refers to startup_stm32f103xe.o(STACK) for __initial_sp
    startup_stm32f103xe.o(RESET) refers to startup_stm32f103xe.o(.text) for Reset_Handler
    startup_stm32f103xe.o(RESET) refers to stm32f1xx_it.o(i.NMI_Handler) for NMI_Handler
    startup_stm32f103xe.o(RESET) refers to stm32f1xx_it.o(i.HardFault_Handler) for HardFault_Handler
    startup_stm32f103xe.o(RESET) refers to stm32f1xx_it.o(i.MemManage_Handler) for MemManage_Handler
    startup_stm32f103xe.o(RESET) refers to stm32f1xx_it.o(i.BusFault_Handler) for BusFault_Handler
    startup_stm32f103xe.o(RESET) refers to stm32f1xx_it.o(i.UsageFault_Handler) for UsageFault_Handler
    startup_stm32f103xe.o(RESET) refers to port.o(.emb_text) for SVC_Handler
    startup_stm32f103xe.o(RESET) refers to stm32f1xx_it.o(i.DebugMon_Handler) for DebugMon_Handler
    startup_stm32f103xe.o(RESET) refers to cmsis_os2.o(i.SysTick_Handler) for SysTick_Handler
    startup_stm32f103xe.o(RESET) refers to stm32f1xx_it.o(i.TIM6_IRQHandler) for TIM6_IRQHandler
    startup_stm32f103xe.o(.text) refers (Special) to heapauxi.o(.text) for __use_two_region_memory
    startup_stm32f103xe.o(.text) refers to system_stm32f1xx.o(i.SystemInit) for SystemInit
    startup_stm32f103xe.o(.text) refers to __main.o(!!!main) for __main
    startup_stm32f103xe.o(.text) refers to startup_stm32f103xe.o(HEAP) for Heap_Mem
    startup_stm32f103xe.o(.text) refers to startup_stm32f103xe.o(STACK) for Stack_Mem
    main.o(i.HAL_TIM_PeriodElapsedCallback) refers to stm32f1xx_hal.o(i.HAL_IncTick) for HAL_IncTick
    main.o(i.SystemClock_Config) refers to rt_memclr_w.o(.text) for __aeabi_memclr4
    main.o(i.SystemClock_Config) refers to stm32f1xx_hal_rcc.o(i.HAL_RCC_OscConfig) for HAL_RCC_OscConfig
    main.o(i.SystemClock_Config) refers to stm32f1xx_hal_rcc.o(i.HAL_RCC_ClockConfig) for HAL_RCC_ClockConfig
    main.o(i.main) refers to stm32f1xx_hal.o(i.HAL_Init) for HAL_Init
    main.o(i.main) refers to main.o(i.SystemClock_Config) for SystemClock_Config
    main.o(i.main) refers to gpio.o(i.MX_GPIO_Init) for MX_GPIO_Init
    main.o(i.main) refers to cmsis_os2.o(i.osKernelInitialize) for osKernelInitialize
    main.o(i.main) refers to freertos.o(i.MX_FREERTOS_Init) for MX_FREERTOS_Init
    main.o(i.main) refers to cmsis_os2.o(i.osKernelStart) for osKernelStart
    freertos.o(i.MX_FREERTOS_Init) refers to cmsis_os2.o(i.osMutexNew) for osMutexNew
    freertos.o(i.MX_FREERTOS_Init) refers to cmsis_os2.o(i.osSemaphoreNew) for osSemaphoreNew
    freertos.o(i.MX_FREERTOS_Init) refers to cmsis_os2.o(i.osMessageQueueNew) for osMessageQueueNew
    freertos.o(i.MX_FREERTOS_Init) refers to cmsis_os2.o(i.osThreadNew) for osThreadNew
    freertos.o(i.MX_FREERTOS_Init) refers to freertos.o(.constdata) for .constdata
    freertos.o(i.MX_FREERTOS_Init) refers to freertos.o(.data) for .data
    freertos.o(i.MX_FREERTOS_Init) refers to freertos.o(i.Task1_Func) for Task1_Func
    freertos.o(i.MX_FREERTOS_Init) refers to freertos.o(i.StartTask02) for StartTask02
    freertos.o(i.StartTask02) refers to cmsis_os2.o(i.osDelay) for osDelay
    freertos.o(i.Task1_Func) refers to cmsis_os2.o(i.osDelay) for osDelay
    freertos.o(.constdata) refers to freertos.o(.conststring) for .conststring
    stm32f1xx_it.o(i.TIM6_IRQHandler) refers to stm32f1xx_hal_tim.o(i.HAL_TIM_IRQHandler) for HAL_TIM_IRQHandler
    stm32f1xx_it.o(i.TIM6_IRQHandler) refers to stm32f1xx_hal_timebase_tim.o(.bss) for htim6
    stm32f1xx_hal_msp.o(i.HAL_MspInit) refers to stm32f1xx_hal_cortex.o(i.HAL_NVIC_SetPriority) for HAL_NVIC_SetPriority
    stm32f1xx_hal_timebase_tim.o(i.HAL_InitTick) refers to stm32f1xx_hal_rcc.o(i.HAL_RCC_GetClockConfig) for HAL_RCC_GetClockConfig
    stm32f1xx_hal_timebase_tim.o(i.HAL_InitTick) refers to stm32f1xx_hal_rcc.o(i.HAL_RCC_GetPCLK1Freq) for HAL_RCC_GetPCLK1Freq
    stm32f1xx_hal_timebase_tim.o(i.HAL_InitTick) refers to stm32f1xx_hal_tim.o(i.HAL_TIM_Base_Init) for HAL_TIM_Base_Init
    stm32f1xx_hal_timebase_tim.o(i.HAL_InitTick) refers to stm32f1xx_hal_tim.o(i.HAL_TIM_Base_Start_IT) for HAL_TIM_Base_Start_IT
    stm32f1xx_hal_timebase_tim.o(i.HAL_InitTick) refers to stm32f1xx_hal_cortex.o(i.HAL_NVIC_EnableIRQ) for HAL_NVIC_EnableIRQ
    stm32f1xx_hal_timebase_tim.o(i.HAL_InitTick) refers to stm32f1xx_hal_cortex.o(i.HAL_NVIC_SetPriority) for HAL_NVIC_SetPriority
    stm32f1xx_hal_timebase_tim.o(i.HAL_InitTick) refers to stm32f1xx_hal_timebase_tim.o(.bss) for .bss
[...]
    ../clib/libinit.s                        0x00000000   Number         0  libshutdown.o ABSOLUTE
    ../clib/libinit.s                        0x00000000   Number         0  libinit2.o ABSOLUTE
    ../clib/libinit.s                        0x00000000   Number         0  libshutdown2.o ABSOLUTE
    ../clib/longlong.s                       0x00000000   Number         0  llushr.o ABSOLUTE
    ../clib/memcpset.s                       0x00000000   Number         0  memset.o ABSOLUTE
    ../clib/memcpset.s                       0x00000000   Number         0  rt_memcpy_v6.o ABSOLUTE
    ../clib/memcpset.s                       0x00000000   Number         0  rt_memclr_w.o ABSOLUTE
    ../clib/memcpset.s                       0x00000000   Number         0  aeabi_memset.o ABSOLUTE
    ../clib/memcpset.s                       0x00000000   Number         0  rt_memclr.o ABSOLUTE
    ../clib/memcpset.s                       0x00000000   Number         0  rt_memcpy_w.o ABSOLUTE
    ../clib/signal.c                         0x00000000   Number         0  defsig_exit.o ABSOLUTE
    ../clib/signal.c                         0x00000000   Number         0  defsig_rtmem_formal.o ABSOLUTE
    ../clib/signal.c                         0x00000000   Number         0  defsig_cppl_inner.o ABSOLUTE
    ../clib/signal.c                         0x00000000   Number         0  defsig_other.o ABSOLUTE
    ../clib/signal.c                         0x00000000   Number         0  defsig_segv_inner.o ABSOLUTE
    ../clib/signal.c                         0x00000000   Number         0  defsig_pvfn_inner.o ABSOLUTE
    ../clib/signal.c                         0x00000000   Number         0  defsig_stak_inner.o ABSOLUTE
    ../clib/signal.c                         0x00000000   Number         0  defsig_rtred_inner.o ABSOLUTE
    ../clib/signal.c                         0x00000000   Number         0  defsig_fpe_inner.o ABSOLUTE
    ../clib/signal.c                         0x00000000   Number         0  defsig_abrt_inner.o ABSOLUTE
    ../clib/signal.c                         0x00000000   Number         0  defsig_rtmem_outer.o ABSOLUTE
    ../clib/signal.c                         0x00000000   Number         0  defsig_general.o ABSOLUTE
    ../clib/signal.c                         0x00000000   Number         0  __raise.o ABSOLUTE
    ../clib/signal.c                         0x00000000   Number         0  defsig_rtmem_inner.o ABSOLUTE
    ../clib/signal.s                         0x00000000   Number         0  defsig.o ABSOLUTE
    ../clib/stdlib.c                         0x00000000   Number         0  exit.o ABSOLUTE
    ../fplib/fpinit.s                        0x00000000   Number         0  fpinit.o ABSOLUTE
    ..\Core\Src\freertos.c                   0x00000000   Number         0  freertos.o ABSOLUTE
    ..\Core\Src\gpio.c                       0x00000000   Number         0  gpio.o ABSOLUTE
    ..\Core\Src\main.c                       0x00000000   Number         0  main.o ABSOLUTE
    ..\Core\Src\stm32f1xx_hal_msp.c          0x00000000   Number         0  stm32f1xx_hal_msp.o ABSOLUTE
    ..\Core\Src\stm32f1xx_hal_timebase_tim.c 0x00000000   Number         0  stm32f1xx_hal_timebase_tim.o ABSOLUTE
    ..\Core\Src\stm32f1xx_it.c               0x00000000   Number         0  stm32f1xx_it.o ABSOLUTE
    ..\Core\Src\system_stm32f1xx.c           0x00000000   Number         0  system_stm32f1xx.o ABSOLUTE
    ..\Drivers\STM32F1xx_HAL_Driver\Src\stm32f1xx_hal.c 0x00000000   Number         0  stm32f1xx_hal.o ABSOLUTE
    ..\Drivers\STM32F1xx_HAL_Driver\Src\stm32f1xx_hal_cortex.c 0x00000000   Number         0  stm32f1xx_hal_cortex.o ABSOLUTE
    ..\Drivers\STM32F1xx_HAL_Driver\Src\stm32f1xx_hal_dma.c 0x00000000   Number         0  stm32f1xx_hal_dma.o ABSOLUTE
    ..\Drivers\STM32F1xx_HAL_Driver\Src\stm32f1xx_hal_exti.c 0x00000000   Number         0  stm32f1xx_hal_exti.o ABSOLUTE
    ..\Drivers\STM32F1xx_HAL_Driver\Src\stm32f1xx_hal_flash.c 0x00000000   Number         0  stm32f1xx_hal_flash.o ABSOLUTE
    ..\Drivers\STM32F1xx_HAL_Driver\Src\stm32f1xx_hal_flash_ex.c 0x00000000   Number         0  stm32f1xx_hal_flash_ex.o ABSOLUTE
    ..\Drivers\STM32F1xx_HAL_Driver\Src\stm32f1xx_hal_gpio.c 0x00000000   Number         0  stm32f1xx_hal_gpio.o ABSOLUTE
    ..\Drivers\STM32F1xx_HAL_Driver\Src\stm32f1xx_hal_gpio_ex.c 0x00000000   Number         0  stm32f1xx_hal_gpio_ex.o ABSOLUTE
    ..\Drivers\STM32F1xx_HAL_Driver\Src\stm32f1xx_hal_pwr.c 0x00000000   Number         0  stm32f1xx_hal_pwr.o ABSOLUTE
    ..\Drivers\STM32F1xx_HAL_Driver\Src\stm32f1xx_hal_rcc.c 0x00000000   Number         0  stm32f1xx_hal_rcc.o ABSOLUTE
    ..\Drivers\STM32F1xx_HAL_Driver\Src\stm32f1xx_hal_rcc_ex.c 0x00000000   Number         0  stm32f1xx_hal_rcc_ex.o ABSOLUTE
    ..\Drivers\STM32F1xx_HAL_Driver\Src\stm32f1xx_hal_tim.c 0x00000000   Number         0  stm32f1xx_hal_tim.o ABSOLUTE
    ..\Drivers\STM32F1xx_HAL_Driver\Src\stm32f1xx_hal_tim_ex.c 0x00000000   Number         0  stm32f1xx_hal_tim_ex.o ABSOLUTE
    ..\Middlewares\Third_Party\FreeRTOS\Source\CMSIS_RTOS_V2\cmsis_os2.c 0x00000000   Number         0  cmsis_os2.o ABSOLUTE
    ..\Middlewares\Third_Party\FreeRTOS\Source\portable\RVDS\ARM_CM3\port.c 0x00000000   Number         0  port.o ABSOLUTE
    dc.s                                     0x00000000   Number         0  dc.o ABSOLUTE
    startup_stm32f103xe.s                    0x00000000   Number         0  startup_stm32f103xe.o ABSOLUTE
    RESET                                    0x08000000   Section      304  startup_stm32f103xe.o(RESET)
    !!!main                                  0x08000130   Section        8  __main.o(!!!main)
    !!!scatter                               0x08000138   Section       52  __scatter.o(!!!scatter)
    !!handler_copy                           0x0800016c   Section       26  __scatter_copy.o(!!handler_copy)
    !!handler_zi                             0x08000188   Section       28  __scatter_zi.o(!!handler_zi)
    .ARM.Collect$$libinit$$00000000          0x080001a4   Section        2  libinit.o(.ARM.Collect$$libinit$$00000000)
    .ARM.Collect$$libinit$$00000002          0x080001a6   Section        0  libinit2.o(.ARM.Collect$$libinit$$00000002)
    .ARM.Collect$$libinit$$00000004          0x080001a6   Section        0  libinit2.o(.ARM.Collect$$libinit$$00000004)
    .ARM.Collect$$libinit$$0000000A          0x080001a6   Section        0  libinit2.o(.ARM.Collect$$libinit$$0000000A)
    .ARM.Collect$$libinit$$0000000C          0x080001a6   Section        0  libinit2.o(.ARM.Collect$$libinit$$0000000C)
    .ARM.Collect$$libinit$$0000000E          0x080001a6   Section        0  libinit2.o(.ARM.Collect$$libinit$$0000000E)
    .ARM.Collect$$libinit$$00000011          0x080001a6   Section        0  libinit2.o(.ARM.Collect$$libinit$$00000011)
    .ARM.Collect$$libinit$$00000013          0x080001a6   Section        0  libinit2.o(.ARM.Collect$$libinit$$00000013)
    .ARM.Collect$$libinit$$00000015          0x080001a6   Section        0  libinit2.o(.ARM.Collect$$libinit$$00000015)
    .ARM.Collect$$libinit$$00000017          0x080001a6   Section        0  libinit2.o(.ARM.Collect$$libinit$$00000017)
    .ARM.Collect$$libinit$$00000019          0x080001a6   Section        0  libinit2.o(.ARM.Collect$$libinit$$00000019)
    .ARM.Collect$$libinit$$0000001B          0x080001a6   Section        0  libinit2.o(.ARM.Collect$$libinit$$0000001B)
    .ARM.Collect$$libinit$$0000001D          0x080001a6   Section        0  libinit2.o(.ARM.Collect$$libinit$$0000001D)
    .ARM.Collect$$libinit$$0000001F          0x080001a6   Section        0  libinit2.o(.ARM.Collect$$libinit$$0000001F)
    .ARM.Collect$$libinit$$00000021          0x080001a6   Section        0  libinit2.o(.ARM.Collect$$libinit$$00000021)
    .ARM.Collect$$libinit$$00000023          0x080001a6   Section        0  libinit2.o(.ARM.Collect$$libinit$$00000023)
    .ARM.Collect$$libinit$$00000025          0x080001a6   Section        0  libinit2.o(.ARM.Collect$$libinit$$00000025)
    .ARM.Collect$$libinit$$0000002C          0x080001a6   Section        0  libinit2.o(.ARM.Collect$$libinit$$0000002C)
    .ARM.Collect$$libinit$$0000002E          0x080001a6   Section        0  libinit2.o(.ARM.Collect$$libinit$$0000002E)
    .ARM.Collect$$libinit$$00000030          0x080001a6   Section        0  libinit2.o(.ARM.Collect$$libinit$$00000030)
    .ARM.Collect$$libinit$$00000032          0x080001a6   Section        0  libinit2.o(.ARM.Collect$$libinit$$00000032)
    .ARM.Collect$$libinit$$00000033          0x080001a6   Section        2  libinit2.o(.ARM.Collect$$libinit$$00000033)
    .ARM.Collect$$libshutdown$$00000000      0x080001a8   Section        2  libshutdown.o(.ARM.Collect$$libshutdown$$00000000)
    .ARM.Collect$$libshutdown$$00000002      0x080001aa   Section        0  libshutdown2.o(.ARM.Collect$$libshutdown$$00000002)
    .ARM.Collect$$libshutdown$$00000004      0x080001aa   Section        0  libshutdown2.o(.ARM.Collect$$libshutdown$$00000004)
    .ARM.Collect$$libshutdown$$00000007      0x080001aa   Section        0  libshutdown2.o(.ARM.Collect$$libshutdown$$00000007)
    .ARM.Collect$$libshutdown$$0000000A      0x080001aa   Section        0  libshutdown2.o(.ARM.Collect$$libshutdown$$0000000A)
    .ARM.Collect$$libshutdown$$0000000C      0x080001aa   Section        0  libshutdown2.o(.ARM.Collect$$libshutdown$$0000000C)
    .ARM.Collect$$libshutdown$$0000000F      0x080001aa   Section        0  libshutdown2.o(.ARM.Collect$$libshutdown$$0000000F)
    .ARM.Collect$$libshutdown$$00000010      0x080001aa   Section        2  libshutdown2.o(.ARM.Collect$$libshutdown$$00000010)
    .ARM.Collect$$rtentry$$00000000          0x080001ac   Section        0  __rtentry.o(.ARM.Collect$$rtentry$$00000000)
    .ARM.Collect$$rtentry$$00000002          0x080001ac   Section        0  __rtentry2.o(.ARM.Collect$$rtentry$$00000002)
    .ARM.Collect$$rtentry$$00000004          0x080001ac   Section        6  __rtentry4.o(.ARM.Collect$$rtentry$$00000004)
    .ARM.Collect$$rtentry$$00000009          0x080001b2   Section        0  __rtentry2.o(.ARM.Collect$$rtentry$$00000009)
    .ARM.Collect$$rtentry$$0000000A          0x080001b2   Section        4  __rtentry2.o(.ARM.Collect$$rtentry$$0000000A)
    .ARM.Collect$$rtentry$$0000000C          0x080001b6   Section        0  __rtentry2.o(.ARM.Collect$$rtentry$$0000000C)
    .ARM.Collect$$rtentry$$0000000D          0x080001b6   Section        8  __rtentry2.o(.ARM.Collect$$rtentry$$0000000D)
    .ARM.Collect$$rtexit$$00000000           0x080001be   Section        2  rtexit.o(.ARM.Collect$$rtexit$$00000000)
    .ARM.Collect$$rtexit$$00000002           0x080001c0   Section        0  rtexit2.o(.ARM.Collect$$rtexit$$00000002)
    .ARM.Collect$$rtexit$$00000003           0x080001c0   Section        4  rtexit2.o(.ARM.Collect$$rtexit$$00000003)
    .ARM.Collect$$rtexit$$00000004           0x080001c4   Section        6  rtexit2.o(.ARM.Collect$$rtexit$$00000004)
    .emb_text                                0x080001cc   Section      150  port.o(.emb_text)
    .text                                    0x08000264   Section       64  startup_stm32f103xe.o(.text)
    .text                                    0x080002a4   Section      138  rt_memcpy_v6.o(.text)
    .text                                    0x0800032e   Section       16  aeabi_memset.o(.text)
    .text                                    0x0800033e   Section       78  rt_memclr_w.o(.text)
    .text                                    0x0800038c   Section        0  heapauxi.o(.text)
    .text                                    0x08000392   Section      100  rt_memcpy_w.o(.text)
    .text                                    0x080003f6   Section       68  rt_memclr.o(.text)
    .text                                    0x0800043a   Section       74  sys_stackheap_outer.o(.text)
    .text                                    0x08000484   Section        0  exit.o(.text)
    .text                                    0x08000498   Section        8  libspace.o(.text)
    .text                                    0x080004a0   Section        0  sys_exit.o(.text)
    .text                                    0x080004ac   Section        2  use_no_semi.o(.text)
    .text                                    0x080004ae   Section        0  indicate_semi.o(.text)
    i.BusFault_Handler                       0x080004ae   Section        0  stm32f1xx_it.o(i.BusFault_Handler)
    i.DebugMon_Handler                       0x080004b0   Section        0  stm32f1xx_it.o(i.DebugMon_Handler)
    i.HAL_GetTick                            0x080004b4   Section        0  stm32f1xx_hal.o(i.HAL_GetTick)
    i.HAL_IncTick                            0x080004c0   Section        0  stm32f1xx_hal.o(i.HAL_IncTick)
    i.HAL_Init                               0x080004d0   Section        0  stm32f1xx_hal.o(i.HAL_Init)
    i.HAL_InitTick                           0x080004f4   Section        0  stm32f1xx_hal_timebase_tim.o(i.HAL_InitTick)
    i.HAL_MspInit                            0x0800058c   Section        0  stm32f1xx_hal_msp.o(i.HAL_MspInit)
    i.HAL_NVIC_EnableIRQ                     0x080005d4   Section        0  stm32f1xx_hal_cortex.o(i.HAL_NVIC_EnableIRQ)
    i.HAL_NVIC_SetPriority                   0x080005f0   Section        0  stm32f1xx_hal_cortex.o(i.HAL_NVIC_SetPriority)
    i.HAL_NVIC_SetPriorityGrouping           0x08000630   Section        0  stm32f1xx_hal_cortex.o(i.HAL_NVIC_SetPriorityGrouping)
    i.HAL_RCC_ClockConfig                    0x08000654   Section        0  stm32f1xx_hal_rcc.o(i.HAL_RCC_ClockConfig)
    i.HAL_RCC_GetClockConfig                 0x08000780   Section        0  stm32f1xx_hal_rcc.o(i.HAL_RCC_GetClockConfig)
    i.HAL_RCC_GetPCLK1Freq                   0x080007c0   Section        0  stm32f1xx_hal_rcc.o(i.HAL_RCC_GetPCLK1Freq)
    i.HAL_RCC_GetSysClockFreq                0x080007e0   Section        0  stm32f1xx_hal_rcc.o(i.HAL_RCC_GetSysClockFreq)
    i.HAL_RCC_OscConfig                      0x0800082c   Section        0  stm32f1xx_hal_rcc.o(i.HAL_RCC_OscConfig)
    i.HAL_TIMEx_BreakCallback                0x08000b4c   Section        0  stm32f1xx_hal_tim_ex.o(i.HAL_TIMEx_BreakCallback)
    i.HAL_TIMEx_CommutCallback               0x08000b4e   Section        0  stm32f1xx_hal_tim_ex.o(i.HAL_TIMEx_CommutCallback)
    i.HAL_TIM_Base_Init                      0x08000b50   Section        0  stm32f1xx_hal_tim.o(i.HAL_TIM_Base_Init)
    i.HAL_TIM_Base_MspInit                   0x08000baa   Section        0  stm32f1xx_hal_tim.o(i.HAL_TIM_Base_MspInit)
    i.HAL_TIM_Base_Start_IT                  0x08000bac   Section        0  stm32f1xx_hal_tim.o(i.HAL_TIM_Base_Start_IT)
    i.HAL_TIM_IC_CaptureCallback             0x08000c18   Section        0  stm32f1xx_hal_tim.o(i.HAL_TIM_IC_CaptureCallback)
    i.HAL_TIM_IRQHandler                     0x08000c1a   Section        0  stm32f1xx_hal_tim.o(i.HAL_TIM_IRQHandler)
    i.HAL_TIM_OC_DelayElapsedCallback        0x08000d4a   Section        0  stm32f1xx_hal_tim.o(i.HAL_TIM_OC_DelayElapsedCallback)
    i.HAL_TIM_PWM_PulseFinishedCallback      0x08000d4c   Section        0  stm32f1xx_hal_tim.o(i.HAL_TIM_PWM_PulseFinishedCallback)
    i.HAL_TIM_PeriodElapsedCallback          0x08000d50   Section        0  main.o(i.HAL_TIM_PeriodElapsedCallback)
    i.HAL_TIM_TriggerCallback                0x08000d64   Section        0  stm32f1xx_hal_tim.o(i.HAL_TIM_TriggerCallback)
    i.HardFault_Handler                      0x08000d66   Section        0  stm32f1xx_it.o(i.HardFault_Handler)
    i.MX_FREERTOS_Init                       0x08000d68   Section        0  freertos.o(i.MX_FREERTOS_Init)
    i.MX_GPIO_Init                           0x08000dc0   Section        0  gpio.o(i.MX_GPIO_Init)
    i.MemManage_Handler                      0x08000dfc   Section        0  stm32f1xx_it.o(i.MemManage_Handler)
    i.NMI_Handler                            0x08000dfe   Section        0  stm32f1xx_it.o(i.NMI_Handler)
    i.StartTask02                            0x08000e00   Section        0  freertos.o(i.StartTask02)
    i.SysTick_Handler                        0x08000e08   Section        0  cmsis_os2.o(i.SysTick_Handler)
    i.SystemClock_Config                     0x08000e22   Section        0  main.o(i.SystemClock_Config)
    i.SystemInit                             0x08000e80   Section        0  system_stm32f1xx.o(i.SystemInit)
    i.TIM6_IRQHandler                        0x08000e84   Section        0  stm32f1xx_it.o(i.TIM6_IRQHandler)
    i.TIM_Base_SetConfig                     0x08000e90   Section        0  stm32f1xx_hal_tim.o(i.TIM_Base_SetConfig)
    i.Task1_Func                             0x08000f2c   Section        0  freertos.o(i.Task1_Func)
    i.UsageFault_Handler                     0x08000f34   Section        0  stm32f1xx_it.o(i.UsageFault_Handler)
    i.__NVIC_SetPriority                     0x08000f36   Section        0  stm32f1xx_hal_cortex.o(i.__NVIC_SetPriority)
    __NVIC_SetPriority                       0x08000f37   Thumb Code    32  stm32f1xx_hal_cortex.o(i.__NVIC_SetPriority)
    i.main                                   0x08000f56   Section        0  main.o(i.main)
    i.osDelay                                0x08000f70   Section        0  cmsis_os2.o(i.osDelay)
    i.osKernelInitialize                     0x08000f8c   Section        0  cmsis_os2.o(i.osKernelInitialize)
    i.osKernelStart                          0x08000fb0   Section        0  cmsis_os2.o(i.osKernelStart)
    i.osMessageQueueNew                      0x08000fe8   Section        0  cmsis_os2.o(i.osMessageQueueNew)
    i.osMutexNew                             0x08001040   Section        0  cmsis_os2.o(i.osMutexNew)
    i.osSemaphoreNew                         0x080010a8   Section        0  cmsis_os2.o(i.osSemaphoreNew)
    i.osThreadNew                            0x08001140   Section        0  cmsis_os2.o(i.osThreadNew)
    i.prvAddCurrentTaskToDelayedList         0x080011cc   Section        0  tasks.o(i.prvAddCurrentTaskToDelayedList)
    prvAddCurrentTaskToDelayedList           0x080011cd   Thumb Code    84  tasks.o(i.prvAddCurrentTaskToDelayedList)
    i.prvAddNewTaskToReadyList               0x08001228   Section        0  tasks.o(i.prvAddNewTaskToReadyList)
    prvAddNewTaskToReadyList                 0x08001229   Thumb Code   190  tasks.o(i.prvAddNewTaskToReadyList)
    i.prvCheckForValidListAndQueue           0x080012f8   Section        0  timers.o(i.prvCheckForValidListAndQueue)
    prvCheckForValidListAndQueue             0x080012f9   Thumb Code    72  timers.o(i.prvCheckForValidListAndQueue)
    i.prvCopyDataFromQueue                   0x08001350   Section        0  queue.o(i.prvCopyDataFromQueue)
    prvCopyDataFromQueue                     0x08001351   Thumb Code    38  queue.o(i.prvCopyDataFromQueue)
    i.prvCopyDataToQueue                     0x08001376   Section        0  queue.o(i.prvCopyDataToQueue)
    prvCopyDataToQueue                       0x08001377   Thumb Code   108  queue.o(i.prvCopyDataToQueue)
    i.prvDeleteTCB                           0x080013e2   Section        0  tasks.o(i.prvDeleteTCB)
    prvDeleteTCB                             0x080013e3   Thumb Code    52  tasks.o(i.prvDeleteTCB)
    i.prvHeapInit                            0x08001418   Section        0  heap_4.o(i.prvHeapInit)
    prvHeapInit                              0x08001419   Thumb Code    66  heap_4.o(i.prvHeapInit)
    i.prvIdleTask                            0x08001464   Section        0  tasks.o(i.prvIdleTask)
    prvIdleTask                              0x08001465   Thumb Code    82  tasks.o(i.prvIdleTask)
    i.prvInitialiseMutex                     0x080014c4   Section        0  queue.o(i.prvInitialiseMutex)
    prvInitialiseMutex                       0x080014c5   Thumb Code    22  queue.o(i.prvInitialiseMutex)
    i.prvInitialiseNewQueue                  0x080014dc   Section        0  queue.o(i.prvInitialiseNewQueue)
    prvInitialiseNewQueue                    0x080014dd   Thumb Code    34  queue.o(i.prvInitialiseNewQueue)
    i.prvInitialiseNewTask                   0x08001500   Section        0  tasks.o(i.prvInitialiseNewTask)
    prvInitialiseNewTask                     0x08001501   Thumb Code   176  tasks.o(i.prvInitialiseNewTask)
    i.prvInsertBlockIntoFreeList             0x080015b0   Section        0  heap_4.o(i.prvInsertBlockIntoFreeList)
    prvInsertBlockIntoFreeList               0x080015b1   Thumb Code    72  heap_4.o(i.prvInsertBlockIntoFreeList)
    i.prvInsertTimerInActiveList             0x080015fc   Section        0  timers.o(i.prvInsertTimerInActiveList)
    prvInsertTimerInActiveList               0x080015fd   Thumb Code    52  timers.o(i.prvInsertTimerInActiveList)
    i.prvIsQueueEmpty                        0x08001634   Section        0  queue.o(i.prvIsQueueEmpty)
    prvIsQueueEmpty                          0x08001635   Thumb Code    28  queue.o(i.prvIsQueueEmpty)
    i.prvProcessReceivedCommands             0x08001650   Section        0  timers.o(i.prvProcessReceivedCommands)
    prvProcessReceivedCommands               0x08001651   Thumb Code   248  timers.o(i.prvProcessReceivedCommands)
    i.prvProcessTimerOrBlockTask             0x0800174c   Section        0  timers.o(i.prvProcessTimerOrBlockTask)
    prvProcessTimerOrBlockTask               0x0800174d   Thumb Code   182  timers.o(i.prvProcessTimerOrBlockTask)
    i.prvResetNextTaskUnblockTime            0x0800180c   Section        0  tasks.o(i.prvResetNextTaskUnblockTime)
    prvResetNextTaskUnblockTime              0x0800180d   Thumb Code    26  tasks.o(i.prvResetNextTaskUnblockTime)
    i.prvSampleTimeNow                       0x0800182c   Section        0  timers.o(i.prvSampleTimeNow)
    prvSampleTimeNow                         0x0800182d   Thumb Code    36  timers.o(i.prvSampleTimeNow)
    i.prvSwitchTimerLists                    0x08001854   Section        0  timers.o(i.prvSwitchTimerLists)
    prvSwitchTimerLists                      0x08001855   Thumb Code   104  timers.o(i.prvSwitchTimerLists)
    i.prvTaskExitError                       0x080018c0   Section        0  port.o(i.prvTaskExitError)
    prvTaskExitError                         0x080018c1   Thumb Code    36  port.o(i.prvTaskExitError)
    i.prvTimerTask                           0x080018e8   Section        0  timers.o(i.prvTimerTask)
    prvTimerTask                             0x080018e9   Thumb Code    32  timers.o(i.prvTimerTask)
    i.prvUnlockQueue                         0x0800190c   Section        0  queue.o(i.prvUnlockQueue)
    prvUnlockQueue                           0x0800190d   Thumb Code   106  queue.o(i.prvUnlockQueue)
    i.pvPortMalloc                           0x08001978   Section        0  heap_4.o(i.pvPortMalloc)
    i.pxPortInitialiseStack                  0x08001a54   Section        0  port.o(i.pxPortInitialiseStack)
    i.uxListRemove                           0x08001a78   Section        0  list.o(i.uxListRemove)
    i.vApplicationGetIdleTaskMemory          0x08001aa0   Section        0  cmsis_os2.o(i.vApplicationGetIdleTaskMemory)
    i.vApplicationGetTimerTaskMemory         0x08001ab4   Section        0  cmsis_os2.o(i.vApplicationGetTimerTaskMemory)
    i.vListInitialise                        0x08001acc   Section        0  list.o(i.vListInitialise)
    i.vListInitialiseItem                    0x08001ae2   Section        0  list.o(i.vListInitialiseItem)
    i.vListInsert                            0x08001ae8   Section        0  list.o(i.vListInsert)
    i.vListInsertEnd                         0x08001b18   Section        0  list.o(i.vListInsertEnd)
    i.vPortEnterCritical                     0x08001b30   Section        0  port.o(i.vPortEnterCritical)
    i.vPortExitCritical                      0x08001b70   Section        0  port.o(i.vPortExitCritical)
    i.vPortFree                              0x08001b98   Section        0  heap_4.o(i.vPortFree)
    i.vPortSetupTimerInterrupt               0x08001bfc   Section        0  port.o(i.vPortSetupTimerInterrupt)
    i.vPortValidateInterruptPriority         0x08001c20   Section        0  port.o(i.vPortValidateInterruptPriority)
    i.vQueueAddToRegistry                    0x08001c74   Section        0  queue.o(i.vQueueAddToRegistry)
    i.vQueueDelete                           0x08001c9c   Section        0  queue.o(i.vQueueDelete)
    i.vQueueUnregisterQueue                  0x08001ccc   Section        0  queue.o(i.vQueueUnregisterQueue)
    i.vQueueWaitForMessageRestricted         0x08001cf4   Section        0  queue.o(i.vQueueWaitForMessageRestricted)
    i.vTaskDelay                             0x08001d38   Section        0  tasks.o(i.vTaskDelay)
    i.vTaskInternalSetTimeOutState           0x08001d84   Section        0  tasks.o(i.vTaskInternalSetTimeOutState)
    i.vTaskMissedYield                       0x08001d94   Section        0  tasks.o(i.vTaskMissedYield)
    i.vTaskPlaceOnEventList                  0x08001da0   Section        0  tasks.o(i.vTaskPlaceOnEventList)
    i.vTaskPlaceOnEventListRestricted        0x08001dd0   Section        0  tasks.o(i.vTaskPlaceOnEventListRestricted)
    i.vTaskStartScheduler                    0x08001e08   Section        0  tasks.o(i.vTaskStartScheduler)
    i.vTaskSuspendAll                        0x08001e90   Section        0  tasks.o(i.vTaskSuspendAll)
    i.vTaskSwitchContext                     0x08001ea0   Section        0  tasks.o(i.vTaskSwitchContext)
    i.xPortStartScheduler                    0x08001f04   Section        0  port.o(i.xPortStartScheduler)
    i.xPortSysTickHandler                    0x08001fac   Section        0  port.o(i.xPortSysTickHandler)
    i.xQueueCreateCountingSemaphore          0x08001fd8   Section        0  queue.o(i.xQueueCreateCountingSemaphore)
    i.xQueueCreateCountingSemaphoreStatic    0x08002012   Section        0  queue.o(i.xQueueCreateCountingSemaphoreStatic)
    i.xQueueCreateMutex                      0x08002052   Section        0  queue.o(i.xQueueCreateMutex)
    i.xQueueCreateMutexStatic                0x08002068   Section        0  queue.o(i.xQueueCreateMutexStatic)
    i.xQueueGenericCreate                    0x08002082   Section        0  queue.o(i.xQueueGenericCreate)
    i.xQueueGenericCreateStatic              0x080020c4   Section        0  queue.o(i.xQueueGenericCreateStatic)
    i.xQueueGenericReset                     0x0800212c   Section        0  queue.o(i.xQueueGenericReset)
    i.xQueueGenericSend                      0x080021b4   Section        0  queue.o(i.xQueueGenericSend)
    i.xQueueGenericSendFromISR               0x08002314   Section        0  queue.o(i.xQueueGenericSendFromISR)
    i.xQueueReceive                          0x080023d4   Section        0  queue.o(i.xQueueReceive)
    i.xTaskCheckForTimeOut                   0x0800250c   Section        0  tasks.o(i.xTaskCheckForTimeOut)
    i.xTaskCreate                            0x08002580   Section        0  tasks.o(i.xTaskCreate)
    i.xTaskCreateStatic                      0x080025da   Section        0  tasks.o(i.xTaskCreateStatic)
    i.xTaskGetSchedulerState                 0x08002630   Section        0  tasks.o(i.xTaskGetSchedulerState)
    i.xTaskGetTickCount                      0x0800264c   Section        0  tasks.o(i.xTaskGetTickCount)
    i.xTaskIncrementTick                     0x08002658   Section        0  tasks.o(i.xTaskIncrementTick)
    i.xTaskPriorityDisinherit                0x08002720   Section        0  tasks.o(i.xTaskPriorityDisinherit)
    i.xTaskRemoveFromEventList               0x080027a0   Section        0  tasks.o(i.xTaskRemoveFromEventList)
    i.xTaskResumeAll                         0x08002810   Section        0  tasks.o(i.xTaskResumeAll)
    i.xTimerCreateTimerTask                  0x080028d4   Section        0  timers.o(i.xTimerCreateTimerTask)
    i.xTimerGenericCommand                   0x08002934   Section        0  timers.o(i.xTimerGenericCommand)
    .constdata                               0x0800299c   Section      128  freertos.o(.constdata)
    .constdata                               0x08002a1c   Section       18  stm32f1xx_hal_rcc.o(.constdata)
    aPredivFactorTable                       0x08002a1c   Data           2  stm32f1xx_hal_rcc.o(.constdata)
    aPLLMULFactorTable                       0x08002a1e   Data          16  stm32f1xx_hal_rcc.o(.constdata)
    .constdata                               0x08002a2e   Section       16  system_stm32f1xx.o(.constdata)
    .constdata                               0x08002a3e   Section        8  system_stm32f1xx.o(.constdata)
    .conststring                             0x08002a48   Section       57  freertos.o(.conststring)
    .data                                    0x20000000   Section       20  freertos.o(.data)
    .data                                    0x20000014   Section       12  stm32f1xx_hal.o(.data)
    .data                                    0x20000020   Section        4  system_stm32f1xx.o(.data)
    .data                                    0x20000024   Section       60  tasks.o(.data)
    uxDeletedTasksWaitingCleanUp             0x20000028   Data           4  tasks.o(.data)
    uxCurrentNumberOfTasks                   0x2000002c   Data           4  tasks.o(.data)
    xTickCount                               0x20000030   Data           4  tasks.o(.data)
    uxTopReadyPriority                       0x20000034   Data           4  tasks.o(.data)
    xSchedulerRunning                        0x20000038   Data           4  tasks.o(.data)
    xPendedTicks                             0x2000003c   Data           4  tasks.o(.data)
    xYieldPending                            0x20000040   Data           4  tasks.o(.data)
    xNumOfOverflows                          0x20000044   Data           4  tasks.o(.data)
    uxTaskNumber                             0x20000048   Data           4  tasks.o(.data)
    xNextTaskUnblockTime                     0x2000004c   Data           4  tasks.o(.data)
    xIdleTaskHandle                          0x20000050   Data           4  tasks.o(.data)
    uxSchedulerSuspended                     0x20000054   Data           4  tasks.o(.data)
    pxDelayedTaskList                        0x20000058   Data           4  tasks.o(.data)
    pxOverflowDelayedTaskList                0x2000005c   Data           4  tasks.o(.data)
    .data                                    0x20000060   Section       20  timers.o(.data)
    xTimerQueue                              0x20000060   Data           4  timers.o(.data)
    xTimerTaskHandle                         0x20000064   Data           4  timers.o(.data)
    xLastTime                                0x20000068   Data           4  timers.o(.data)
    pxCurrentTimerList                       0x2000006c   Data           4  timers.o(.data)
    pxOverflowTimerList                      0x20000070   Data           4  timers.o(.data)
    .data                                    0x20000074   Section        4  cmsis_os2.o(.data)
    KernelState                              0x20000074   Data           4  cmsis_os2.o(.data)
    .data                                    0x20000078   Section       32  heap_4.o(.data)
    pxEnd                                    0x20000078   Data           4  heap_4.o(.data)
    xFreeBytesRemaining                      0x2000007c   Data           4  heap_4.o(.data)
    xMinimumEverFreeBytesRemaining           0x20000080   Data           4  heap_4.o(.data)
    xNumberOfSuccessfulAllocations           0x20000084   Data           4  heap_4.o(.data)
    xNumberOfSuccessfulFrees                 0x20000088   Data           4  heap_4.o(.data)
    xBlockAllocatedBit                       0x2000008c   Data           4  heap_4.o(.data)
    xStart                                   0x20000090   Data           8  heap_4.o(.data)
    .data                                    0x20000098   Section       12  port.o(.data)
    ucMaxSysCallPriority                     0x20000098   Data           1  port.o(.data)
    uxCriticalNesting                        0x2000009c   Data           4  port.o(.data)
    ulMaxPRIGROUPValue                       0x200000a0   Data           4  port.o(.data)
    .bss                                     0x200000a4   Section       72  stm32f1xx_hal_timebase_tim.o(.bss)
    .bss                                     0x200000ec   Section       64  queue.o(.bss)
    .bss                                     0x2000012c   Section     1220  tasks.o(.bss)
    pxReadyTasksLists                        0x2000012c   Data        1120  tasks.o(.bss)
    xDelayedTaskList1                        0x2000058c   Data          20  tasks.o(.bss)
    xDelayedTaskList2                        0x200005a0   Data          20  tasks.o(.bss)
    xPendingReadyList                        0x200005b4   Data          20  tasks.o(.bss)
    xTasksWaitingTermination                 0x200005c8   Data          20  tasks.o(.bss)
    xSuspendedTaskList                       0x200005dc   Data          20  tasks.o(.bss)
    .bss                                     0x200005f0   Section      280  timers.o(.bss)
    xStaticTimerQueue                        0x200005f0   Data          80  timers.o(.bss)
    ucStaticTimerQueueStorage                0x20000640   Data         160  timers.o(.bss)
    xActiveTimerList1                        0x200006e0   Data          20  timers.o(.bss)
    xActiveTimerList2                        0x200006f4   Data          20  timers.o(.bss)
    .bss                                     0x20000708   Section     1720  cmsis_os2.o(.bss)
    Idle_TCB                                 0x20000708   Data          92  cmsis_os2.o(.bss)
    Idle_Stack                               0x20000764   Data         512  cmsis_os2.o(.bss)
    Timer_TCB                                0x20000964   Data          92  cmsis_os2.o(.bss)
    Timer_Stack                              0x200009c0   Data        1024  cmsis_os2.o(.bss)
    .bss                                     0x20000dc0   Section    40960  heap_4.o(.bss)
    ucHeap                                   0x20000dc0   Data       40960  heap_4.o(.bss)
    .bss                                     0x2000adc0   Section       96  libspace.o(.bss)
    HEAP                                     0x2000ae20   Section      512  startup_stm32f103xe.o(HEAP)
    Heap_Mem                                 0x2000ae20   Data         512  startup_stm32f103xe.o(HEAP)
    STACK                                    0x2000b020   Section     1024  startup_stm32f103xe.o(STACK)
    Stack_Mem                                0x2000b020   Data        1024  startup_stm32f103xe.o(STACK)
    __initial_sp                             0x2000b420   Data           0  startup_stm32f103xe.o(STACK)

    Global Symbols

    Symbol Name                              Value     Ov Type        Size  Object(Section)

    BuildAttributes$$THM_ISAv4$P$D$K$B$S$PE$A:L22UL41UL21$X:L11$S22US41US21$IEEE1$IW$USESV6$~STKCKD$USESV7$~SHL$OSPACE$ROPI$EBA8$UX$STANDARDLIB$REQ8$PRES8$EABIv2 0x00000000   Number         0  anon$$obj.o ABSOLUTE
    __ARM_use_no_argv                        0x00000000   Number         0  main.o ABSOLUTE
    __ARM_exceptions_init                     - Undefined Weak Reference
    __alloca_initialize                       - Undefined Weak Reference
    __arm_preinit_                            - Undefined Weak Reference
    __cpp_initialize__aeabi_                  - Undefined Weak Reference
    __cxa_finalize                            - Undefined Weak Reference
    __rt_locale                               - Undefined Weak Reference
    __sigvec_lookup                           - Undefined Weak Reference
    _atexit_init                              - Undefined Weak Reference
    _call_atexit_fns                          - Undefined Weak Reference
    _clock_init                               - Undefined Weak Reference
    _fp_trap_init                             - Undefined Weak Reference
    _fp_trap_shutdown                         - Undefined Weak Reference
    _get_lc_collate                           - Undefined Weak Reference
    _get_lc_ctype                             - Undefined Weak Reference
    _get_lc_monetary                          - Undefined Weak Reference
    _get_lc_numeric                           - Undefined Weak Reference
    _get_lc_time                              - Undefined Weak Reference
    _getenv_init                              - Undefined Weak Reference
    _handle_redirection                       - Undefined Weak Reference
    _init_alloc                               - Undefined Weak Reference
    _init_user_alloc                          - Undefined Weak Reference
    _initio                                   - Undefined Weak Reference
    _rand_init                                - Undefined Weak Reference
    _signal_finish                            - Undefined Weak Reference
    _signal_init                              - Undefined Weak Reference
    _terminate_alloc                          - Undefined Weak Reference
    _terminate_user_alloc                     - Undefined Weak Reference
    _terminateio                              - Undefined Weak Reference
    __Vectors_Size                           0x00000130   Number         0  startup_stm32f103xe.o ABSOLUTE
    __Vectors                                0x08000000   Data           4  startup_stm32f103xe.o(RESET)
    __Vectors_End                            0x08000130   Data           0  startup_stm32f103xe.o(RESET)
    __main                                   0x08000131   Thumb Code     8  __main.o(!!!main)
    __scatterload                            0x08000139   Thumb Code     0  __scatter.o(!!!scatter)
    __scatterload_rt2                        0x08000139   Thumb Code    44  __scatter.o(!!!scatter)
    __scatterload_rt2_thumb_only             0x08000139   Thumb Code     0  __scatter.o(!!!scatter)
    __scatterload_null                       0x08000147   Thumb Code     0  __scatter.o(!!!scatter)
    __scatterload_copy                       0x0800016d   Thumb Code    26  __scatter_copy.o(!!handler_copy)
    __scatterload_zeroinit                   0x08000189   Thumb Code    28  __scatter_zi.o(!!handler_zi)
    __rt_lib_init                            0x080001a5   Thumb Code     0  libinit.o(.ARM.Collect$$libinit$$00000000)
    __rt_lib_init_alloca_1                   0x080001a7   Thumb Code     0  libinit2.o(.ARM.Collect$$libinit$$0000002E)
    __rt_lib_init_argv_1                     0x080001a7   Thumb Code     0  libinit2.o(.ARM.Collect$$libinit$$0000002C)
    __rt_lib_init_atexit_1                   0x080001a7   Thumb Code     0  libinit2.o(.ARM.Collect$$libinit$$0000001B)
    __rt_lib_init_clock_1                    0x080001a7   Thumb Code     0  libinit2.o(.ARM.Collect$$libinit$$00000021)
    __rt_lib_init_cpp_1                      0x080001a7   Thumb Code     0  libinit2.o(.ARM.Collect$$libinit$$00000032)
    __rt_lib_init_exceptions_1               0x080001a7   Thumb Code     0  libinit2.o(.ARM.Collect$$libinit$$00000030)
    __rt_lib_init_fp_1                       0x080001a7   Thumb Code     0  libinit2.o(.ARM.Collect$$libinit$$00000002)
    __rt_lib_init_fp_trap_1                  0x080001a7   Thumb Code     0  libinit2.o(.ARM.Collect$$libinit$$0000001F)
    __rt_lib_init_getenv_1                   0x080001a7   Thumb Code     0  libinit2.o(.ARM.Collect$$libinit$$00000023)
    __rt_lib_init_heap_1                     0x080001a7   Thumb Code     0  libinit2.o(.ARM.Collect$$libinit$$0000000A)
    __rt_lib_init_lc_collate_1               0x080001a7   Thumb Code     0  libinit2.o(.ARM.Collect$$libinit$$00000011)
    __rt_lib_init_lc_ctype_1                 0x080001a7   Thumb Code     0  libinit2.o(.ARM.Collect$$libinit$$00000013)
    __rt_lib_init_lc_monetary_1              0x080001a7   Thumb Code     0  libinit2.o(.ARM.Collect$$libinit$$00000015)
    __rt_lib_init_lc_numeric_1               0x080001a7   Thumb Code     0  libinit2.o(.ARM.Collect$$libinit$$00000017)
    __rt_lib_init_lc_time_1                  0x080001a7   Thumb Code     0  libinit2.o(.ARM.Collect$$libinit$$00000019)
    __rt_lib_init_preinit_1                  0x080001a7   Thumb Code     0  libinit2.o(.ARM.Collect$$libinit$$00000004)
    __rt_lib_init_rand_1                     0x080001a7   Thumb Code     0  libinit2.o(.ARM.Collect$$libinit$$0000000E)
    __rt_lib_init_return                     0x080001a7   Thumb Code     0  libinit2.o(.ARM.Collect$$libinit$$00000033)
    __rt_lib_init_signal_1                   0x080001a7   Thumb Code     0  libinit2.o(.ARM.Collect$$libinit$$0000001D)
    __rt_lib_init_stdio_1                    0x080001a7   Thumb Code     0  libinit2.o(.ARM.Collect$$libinit$$00000025)
    __rt_lib_init_user_alloc_1               0x080001a7   Thumb Code     0  libinit2.o(.ARM.Collect$$libinit$$0000000C)
    __rt_lib_shutdown                        0x080001a9   Thumb Code     0  libshutdown.o(.ARM.Collect$$libshutdown$$00000000)
    __rt_lib_shutdown_cpp_1                  0x080001ab   Thumb Code     0  libshutdown2.o(.ARM.Collect$$libshutdown$$00000002)
    __rt_lib_shutdown_fp_trap_1              0x080001ab   Thumb Code     0  libshutdown2.o(.ARM.Collect$$libshutdown$$00000007)
    __rt_lib_shutdown_heap_1                 0x080001ab   Thumb Code     0  libshutdown2.o(.ARM.Collect$$libshutdown$$0000000F)
    __rt_lib_shutdown_return                 0x080001ab   Thumb Code     0  libshutdown2.o(.ARM.Collect$$libshutdown$$00000010)
    __rt_lib_shutdown_signal_1               0x080001ab   Thumb Code     0  libshutdown2.o(.ARM.Collect$$libshutdown$$0000000A)
    __rt_lib_shutdown_stdio_1                0x080001ab   Thumb Code     0  libshutdown2.o(.ARM.Collect$$libshutdown$$00000004)
    __rt_lib_shutdown_user_alloc_1           0x080001ab   Thumb Code     0  libshutdown2.o(.ARM.Collect$$libshutdown$$0000000C)
    __rt_entry                               0x080001ad   Thumb Code     0  __rtentry.o(.ARM.Collect$$rtentry$$00000000)
    __rt_entry_presh_1                       0x080001ad   Thumb Code     0  __rtentry2.o(.ARM.Collect$$rtentry$$00000002)
    __rt_entry_sh                            0x080001ad   Thumb Code     0  __rtentry4.o(.ARM.Collect$$rtentry$$00000004)
    __rt_entry_li                            0x080001b3   Thumb Code     0  __rtentry2.o(.ARM.Collect$$rtentry$$0000000A)
    __rt_entry_postsh_1                      0x080001b3   Thumb Code     0  __rtentry2.o(.ARM.Collect$$rtentry$$00000009)
    __rt_entry_main                          0x080001b7   Thumb Code     0  __rtentry2.o(.ARM.Collect$$rtentry$$0000000D)
    __rt_entry_postli_1                      0x080001b7   Thumb Code     0  __rtentry2.o(.ARM.Collect$$rtentry$$0000000C)
    __rt_exit                                0x080001bf   Thumb Code     0  rtexit.o(.ARM.Collect$$rtexit$$00000000)
    __rt_exit_ls                             0x080001c1   Thumb Code     0  rtexit2.o(.ARM.Collect$$rtexit$$00000003)
    __rt_exit_prels_1                        0x080001c1   Thumb Code     0  rtexit2.o(.ARM.Collect$$rtexit$$00000002)
    __rt_exit_exit                           0x080001c5   Thumb Code     0  rtexit2.o(.ARM.Collect$$rtexit$$00000004)
    SVC_Handler                              0x080001cd   Thumb Code    32  port.o(.emb_text)
    __asm___6_port_c_39a90d8d__prvStartFirstTask 0x080001f1   Thumb Code    28  port.o(.emb_text)
    PendSV_Handler                           0x08000211   Thumb Code    72  port.o(.emb_text)
    vPortGetIPSR                             0x0800025d   Thumb Code     6  port.o(.emb_text)
    Reset_Handler                            0x08000265   Thumb Code     8  startup_stm32f103xe.o(.text)
    ADC1_2_IRQHandler                        0x0800027f   Thumb Code     0  startup_stm32f103xe.o(.text)
    ADC3_IRQHandler                          0x0800027f   Thumb Code     0  startup_stm32f103xe.o(.text)
    CAN1_RX1_IRQHandler                      0x0800027f   Thumb Code     0  startup_stm32f103xe.o(.text)
    CAN1_SCE_IRQHandler                      0x0800027f   Thumb Code     0  startup_stm32f103xe.o(.text)
    DMA1_Channel1_IRQHandler                 0x0800027f   Thumb Code     0  startup_stm32f103xe.o(.text)
    DMA1_Channel2_IRQHandler                 0x0800027f   Thumb Code     0  startup_stm32f103xe.o(.text)
    DMA1_Channel3_IRQHandler                 0x0800027f   Thumb Code     0  startup_stm32f103xe.o(.text)
    DMA1_Channel4_IRQHandler                 0x0800027f   Thumb Code     0  startup_stm32f103xe.o(.text)
    DMA1_Channel5_IRQHandler                 0x0800027f   Thumb Code     0  startup_stm32f103xe.o(.text)
    DMA1_Channel6_IRQHandler                 0x0800027f   Thumb Code     0  startup_stm32f103xe.o(.text)
    DMA1_Channel7_IRQHandler                 0x0800027f   Thumb Code     0  startup_stm32f103xe.o(.text)
    DMA2_Channel1_IRQHandler                 0x0800027f   Thumb Code     0  startup_stm32f103xe.o(.text)
    DMA2_Channel2_IRQHandler                 0x0800027f   Thumb Code     0  startup_stm32f103xe.o(.text)
    DMA2_Channel3_IRQHandler                 0x0800027f   Thumb Code     0  startup_stm32f103xe.o(.text)
    DMA2_Channel4_5_IRQHandler               0x0800027f   Thumb Code     0  startup_stm32f103xe.o(.text)
    EXTI0_IRQHandler                         0x0800027f   Thumb Code     0  startup_stm32f103xe.o(.text)
    EXTI15_10_IRQHandler                     0x0800027f   Thumb Code     0  startup_stm32f103xe.o(.text)
    EXTI1_IRQHandler                         0x0800027f   Thumb Code     0  startup_stm32f103xe.o(.text)
    EXTI2_IRQHandler                         0x0800027f   Thumb Code     0  startup_stm32f103xe.o(.text)
    EXTI3_IRQHandler                         0x0800027f   Thumb Code     0  startup_stm32f103xe.o(.text)
    EXTI4_IRQHandler                         0x0800027f   Thumb Code     0  startup_stm32f103xe.o(.text)
    EXTI9_5_IRQHandler                       0x0800027f   Thumb Code     0  startup_stm32f103xe.o(.text)
    FLASH_IRQHandler                         0x0800027f   Thumb Code     0  startup_stm32f103xe.o(.text)
    FSMC_IRQHandler                          0x0800027f   Thumb Code     0  startup_stm32f103xe.o(.text)
    I2C1_ER_IRQHandler                       0x0800027f   Thumb Code     0  startup_stm32f103xe.o(.text)
    I2C1_EV_IRQHandler                       0x0800027f   Thumb Code     0  startup_stm32f103xe.o(.text)
    I2C2_ER_IRQHandler                       0x0800027f   Thumb Code     0  startup_stm32f103xe.o(.text)
    I2C2_EV_IRQHandler                       0x0800027f   Thumb Code     0  startup_stm32f103xe.o(.text)
    PVD_IRQHandler                           0x0800027f   Thumb Code     0  startup_stm32f103xe.o(.text)
    RCC_IRQHandler                           0x0800027f   Thumb Code     0  startup_stm32f103xe.o(.text)
    RTC_Alarm_IRQHandler                     0x0800027f   Thumb Code     0  startup_stm32f103xe.o(.text)
    RTC_IRQHandler                           0x0800027f   Thumb Code     0  startup_stm32f103xe.o(.text)
    SDIO_IRQHandler                          0x0800027f   Thumb Code     0  startup_stm32f103xe.o(.text)
    SPI1_IRQHandler                          0x0800027f   Thumb Code     0  startup_stm32f103xe.o(.text)
    SPI2_IRQHandler                          0x0800027f   Thumb Code     0  startup_stm32f103xe.o(.text)
    SPI3_IRQHandler                          0x0800027f   Thumb Code     0  startup_stm32f103xe.o(.text)
    TAMPER_IRQHandler                        0x0800027f   Thumb Code     0  startup_stm32f103xe.o(.text)
    TIM1_BRK_IRQHandler                      0x0800027f   Thumb Code     0  startup_stm32f103xe.o(.text)
    TIM1_CC_IRQHandler                       0x0800027f   Thumb Code     0  startup_stm32f103xe.o(.text)
    TIM1_TRG_COM_IRQHandler                  0x0800027f   Thumb Code     0  startup_stm32f103xe.o(.text)
    TIM1_UP_IRQHandler                       0x0800027f   Thumb Code     0  startup_stm32f103xe.o(.text)
    TIM2_IRQHandler                          0x0800027f   Thumb Code     0  startup_stm32f103xe.o(.text)
    TIM3_IRQHandler                          0x0800027f   Thumb Code     0  startup_stm32f103xe.o(.text)
    TIM4_IRQHandler                          0x0800027f   Thumb Code     0  startup_stm32f103xe.o(.text)
    TIM5_IRQHandler                          0x0800027f   Thumb Code     0  startup_stm32f103xe.o(.text)
    TIM7_IRQHandler                          0x0800027f   Thumb Code     0  startup_stm32f103xe.o(.text)
    TIM8_BRK_IRQHandler                      0x0800027f   Thumb Code     0  startup_stm32f103xe.o(.text)
    TIM8_CC_IRQHandler                       0x0800027f   Thumb Code     0  startup_stm32f103xe.o(.text)
    TIM8_TRG_COM_IRQHandler                  0x0800027f   Thumb Code     0  startup_stm32f103xe.o(.text)
    TIM8_UP_IRQHandler                       0x0800027f   Thumb Code     0  startup_stm32f103xe.o(.text)
    UART4_IRQHandler                         0x0800027f   Thumb Code     0  startup_stm32f103xe.o(.text)
    UART5_IRQHandler                         0x0800027f   Thumb Code     0  startup_stm32f103xe.o(.text)
    USART1_IRQHandler                        0x0800027f   Thumb Code     0  startup_stm32f103xe.o(.text)
    USART2_IRQHandler                        0x0800027f   Thumb Code     0  startup_stm32f103xe.o(.text)
    USART3_IRQHandler                        0x0800027f   Thumb Code     0  startup_stm32f103xe.o(.text)
    USBWakeUp_IRQHandler                     0x0800027f   Thumb Code     0  startup_stm32f103xe.o(.text)
    USB_HP_CAN1_TX_IRQHandler                0x0800027f   Thumb Code     0  startup_stm32f103xe.o(.text)
    USB_LP_CAN1_RX0_IRQHandler               0x0800027f   Thumb Code     0  startup_stm32f103xe.o(.text)
    WWDG_IRQHandler                          0x0800027f   Thumb Code     0  startup_stm32f103xe.o(.text)
    __user_initial_stackheap                 0x08000281   Thumb Code     0  startup_stm32f103xe.o(.text)
    __aeabi_memcpy                           0x080002a5   Thumb Code     0  rt_memcpy_v6.o(.text)
    __rt_memcpy                              0x080002a5   Thumb Code   138  rt_memcpy_v6.o(.text)
    _memcpy_lastbytes                        0x0800030b   Thumb Code     0  rt_memcpy_v6.o(.text)
    __aeabi_memset                           0x0800032f   Thumb Code    16  aeabi_memset.o(.text)
    __aeabi_memclr4                          0x0800033f   Thumb Code     0  rt_memclr_w.o(.text)
    __aeabi_memclr8                          0x0800033f   Thumb Code     0  rt_memclr_w.o(.text)
    __rt_memclr_w                            0x0800033f   Thumb Code    78  rt_memclr_w.o(.text)
    _memset_w                                0x08000343   Thumb Code     0  rt_memclr_w.o(.text)
    __use_two_region_memory                  0x0800038d   Thumb Code     2  heapauxi.o(.text)
    __rt_heap_escrow$2region                 0x0800038f   Thumb Code     2  heapauxi.o(.text)
    __rt_heap_expand$2region                 0x08000391   Thumb Code     2  heapauxi.o(.text)
    __aeabi_memcpy4                          0x08000393   Thumb Code     0  rt_memcpy_w.o(.text)
    __aeabi_memcpy8                          0x08000393   Thumb Code     0  rt_memcpy_w.o(.text)
    __rt_memcpy_w                            0x08000393   Thumb Code   100  rt_memcpy_w.o(.text)
    _memcpy_lastbytes_aligned                0x080003db   Thumb Code     0  rt_memcpy_w.o(.text)
    __aeabi_memclr                           0x080003f7   Thumb Code     0  rt_memclr.o(.text)
    __rt_memclr                              0x080003f7   Thumb Code    68  rt_memclr.o(.text)
    _memset                                  0x080003fb   Thumb Code     0  rt_memclr.o(.text)
    __user_setup_stackheap                   0x0800043b   Thumb Code    74  sys_stackheap_outer.o(.text)
    exit                                     0x08000485   Thumb Code    18  exit.o(.text)
    __user_libspace                          0x08000499   Thumb Code     8  libspace.o(.text)
    __user_perproc_libspace                  0x08000499   Thumb Code     0  libspace.o(.text)
    __user_perthread_libspace                0x08000499   Thumb Code     0  libspace.o(.text)
    _sys_exit                                0x080004a1   Thumb Code     8  sys_exit.o(.text)
    __I$use$semihosting                      0x080004ad   Thumb Code     0  use_no_semi.o(.text)
    __use_no_semihosting_swi                 0x080004ad   Thumb Code     2  use_no_semi.o(.text)
    BusFault_Handler                         0x080004af   Thumb Code     2  stm32f1xx_it.o(i.BusFault_Handler)
    __semihosting_library_function           0x080004af   Thumb Code     0  indicate_semi.o(.text)
    DebugMon_Handler                         0x080004b1   Thumb Code     2  stm32f1xx_it.o(i.DebugMon_Handler)
    HAL_GetTick                              0x080004b5   Thumb Code     6  stm32f1xx_hal.o(i.HAL_GetTick)
    HAL_IncTick                              0x080004c1   Thumb Code    12  stm32f1xx_hal.o(i.HAL_IncTick)
    HAL_Init                                 0x080004d1   Thumb Code    32  stm32f1xx_hal.o(i.HAL_Init)
    HAL_InitTick                             0x080004f5   Thumb Code   132  stm32f1xx_hal_timebase_tim.o(i.HAL_InitTick)
    HAL_MspInit                              0x0800058d   Thumb Code    62  stm32f1xx_hal_msp.o(i.HAL_MspInit)
    HAL_NVIC_EnableIRQ                       0x080005d5   Thumb Code    26  stm32f1xx_hal_cortex.o(i.HAL_NVIC_EnableIRQ)
    HAL_NVIC_SetPriority                     0x080005f1   Thumb Code    60  stm32f1xx_hal_cortex.o(i.HAL_NVIC_SetPriority)
    HAL_NVIC_SetPriorityGrouping             0x08000631   Thumb Code    26  stm32f1xx_hal_cortex.o(i.HAL_NVIC_SetPriorityGrouping)
    HAL_RCC_ClockConfig                      0x08000655   Thumb Code   280  stm32f1xx_hal_rcc.o(i.HAL_RCC_ClockConfig)
    HAL_RCC_GetClockConfig                   0x08000781   Thumb Code    54  stm32f1xx_hal_rcc.o(i.HAL_RCC_GetClockConfig)
    HAL_RCC_GetPCLK1Freq                     0x080007c1   Thumb Code    20  stm32f1xx_hal_rcc.o(i.HAL_RCC_GetPCLK1Freq)
    HAL_RCC_GetSysClockFreq                  0x080007e1   Thumb Code    58  stm32f1xx_hal_rcc.o(i.HAL_RCC_GetSysClockFreq)
    HAL_RCC_OscConfig                        0x0800082d   Thumb Code   778  stm32f1xx_hal_rcc.o(i.HAL_RCC_OscConfig)
    HAL_TIMEx_BreakCallback                  0x08000b4d   Thumb Code     2  stm32f1xx_hal_tim_ex.o(i.HAL_TIMEx_BreakCallback)
    HAL_TIMEx_CommutCallback                 0x08000b4f   Thumb Code     2  stm32f1xx_hal_tim_ex.o(i.HAL_TIMEx_CommutCallback)
    HAL_TIM_Base_Init                        0x08000b51   Thumb Code    90  stm32f1xx_hal_tim.o(i.HAL_TIM_Base_Init)
    HAL_TIM_Base_MspInit                     0x08000bab   Thumb Code     2  stm32f1xx_hal_tim.o(i.HAL_TIM_Base_MspInit)
    HAL_TIM_Base_Start_IT                    0x08000bad   Thumb Code    88  stm32f1xx_hal_tim.o(i.HAL_TIM_Base_Start_IT)
    HAL_TIM_IC_CaptureCallback               0x08000c19   Thumb Code     2  stm32f1xx_hal_tim.o(i.HAL_TIM_IC_CaptureCallback)
    HAL_TIM_IRQHandler                       0x08000c1b   Thumb Code   304  stm32f1xx_hal_tim.o(i.HAL_TIM_IRQHandler)
    HAL_TIM_OC_DelayElapsedCallback          0x08000d4b   Thumb Code     2  stm32f1xx_hal_tim.o(i.HAL_TIM_OC_DelayElapsedCallback)
    HAL_TIM_PWM_PulseFinishedCallback        0x08000d4d   Thumb Code     2  stm32f1xx_hal_tim.o(i.HAL_TIM_PWM_PulseFinishedCallback)
    HAL_TIM_PeriodElapsedCallback            0x08000d51   Thumb Code    14  main.o(i.HAL_TIM_PeriodElapsedCallback)
    HAL_TIM_TriggerCallback                  0x08000d65   Thumb Code     2  stm32f1xx_hal_tim.o(i.HAL_TIM_TriggerCallback)
    HardFault_Handler                        0x08000d67   Thumb Code     2  stm32f1xx_it.o(i.HardFault_Handler)
    MX_FREERTOS_Init                         0x08000d69   Thumb Code    70  freertos.o(i.MX_FREERTOS_Init)
    MX_GPIO_Init                             0x08000dc1   Thumb Code    54  gpio.o(i.MX_GPIO_Init)
    MemManage_Handler                        0x08000dfd   Thumb Code     2  stm32f1xx_it.o(i.MemManage_Handler)
    NMI_Handler                              0x08000dff   Thumb Code     2  stm32f1xx_it.o(i.NMI_Handler)
    StartTask02                              0x08000e01   Thumb Code     8  freertos.o(i.StartTask02)
    SysTick_Handler                          0x08000e09   Thumb Code    26  cmsis_os2.o(i.SysTick_Handler)
    SystemClock_Config                       0x08000e23   Thumb Code    94  main.o(i.SystemClock_Config)
    SystemInit                               0x08000e81   Thumb Code     2  system_stm32f1xx.o(i.SystemInit)
    TIM6_IRQHandler                          0x08000e85   Thumb Code     6  stm32f1xx_it.o(i.TIM6_IRQHandler)
    TIM_Base_SetConfig                       0x08000e91   Thumb Code   134  stm32f1xx_hal_tim.o(i.TIM_Base_SetConfig)
    Task1_Func                               0x08000f2d   Thumb Code     8  freertos.o(i.Task1_Func)
    UsageFault_Handler                       0x08000f35   Thumb Code     2  stm32f1xx_it.o(i.UsageFault_Handler)
    main                                     0x08000f57   Thumb Code    26  main.o(i.main)
    osDelay                                  0x08000f71   Thumb Code    26  cmsis_os2.o(i.osDelay)
    osKernelInitialize                       0x08000f8d   Thumb Code    32  cmsis_os2.o(i.osKernelInitialize)
    osKernelStart                            0x08000fb1   Thumb Code    48  cmsis_os2.o(i.osKernelStart)
    osMessageQueueNew                        0x08000fe9   Thumb Code    88  cmsis_os2.o(i.osMessageQueueNew)
    osMutexNew                               0x08001041   Thumb Code   104  cmsis_os2.o(i.osMutexNew)
    osSemaphoreNew                           0x080010a9   Thumb Code   152  cmsis_os2.o(i.osSemaphoreNew)
    osThreadNew                              0x08001141   Thumb Code   138  cmsis_os2.o(i.osThreadNew)
    pvPortMalloc                             0x08001979   Thumb Code   216  heap_4.o(i.pvPortMalloc)
    pxPortInitialiseStack                    0x08001a55   Thumb Code    32  port.o(i.pxPortInitialiseStack)
    uxListRemove                             0x08001a79   Thumb Code    38  list.o(i.uxListRemove)
    vApplicationGetIdleTaskMemory            0x08001aa1   Thumb Code    16  cmsis_os2.o(i.vApplicationGetIdleTaskMemory)
    vApplicationGetTimerTaskMemory           0x08001ab5   Thumb Code    18  cmsis_os2.o(i.vApplicationGetTimerTaskMemory)
    vListInitialise                          0x08001acd   Thumb Code    22  list.o(i.vListInitialise)
    vListInitialiseItem                      0x08001ae3   Thumb Code     6  list.o(i.vListInitialiseItem)
    vListInsert                              0x08001ae9   Thumb Code    48  list.o(i.vListInsert)
    vListInsertEnd                           0x08001b19   Thumb Code    24  list.o(i.vListInsertEnd)
    vPortEnterCritical                       0x08001b31   Thumb Code    54  port.o(i.vPortEnterCritical)
    vPortExitCritical                        0x08001b71   Thumb Code    34  port.o(i.vPortExitCritical)
    vPortFree                                0x08001b99   Thumb Code    94  heap_4.o(i.vPortFree)
    vPortSetupTimerInterrupt                 0x08001bfd   Thumb Code    32  port.o(i.vPortSetupTimerInterrupt)
    vPortValidateInterruptPriority           0x08001c21   Thumb Code    74  port.o(i.vPortValidateInterruptPriority)
    vQueueAddToRegistry                      0x08001c75   Thumb Code    34  queue.o(i.vQueueAddToRegistry)
    vQueueDelete                             0x08001c9d   Thumb Code    46  queue.o(i.vQueueDelete)
    vQueueUnregisterQueue                    0x08001ccd   Thumb Code    36  queue.o(i.vQueueUnregisterQueue)
    vQueueWaitForMessageRestricted           0x08001cf5   Thumb Code    68  queue.o(i.vQueueWaitForMessageRestricted)
    vTaskDelay                               0x08001d39   Thumb Code    66  tasks.o(i.vTaskDelay)
    vTaskInternalSetTimeOutState             0x08001d85   Thumb Code    12  tasks.o(i.vTaskInternalSetTimeOutState)
    vTaskMissedYield                         0x08001d95   Thumb Code     8  tasks.o(i.vTaskMissedYield)
    vTaskPlaceOnEventList                    0x08001da1   Thumb Code    44  tasks.o(i.vTaskPlaceOnEventList)
    vTaskPlaceOnEventListRestricted          0x08001dd1   Thumb Code    52  tasks.o(i.vTaskPlaceOnEventListRestricted)
    vTaskStartScheduler                      0x08001e09   Thumb Code   118  tasks.o(i.vTaskStartScheduler)
    vTaskSuspendAll                          0x08001e91   Thumb Code    10  tasks.o(i.vTaskSuspendAll)
    vTaskSwitchContext                       0x08001ea1   Thumb Code    90  tasks.o(i.vTaskSwitchContext)
    xPortStartScheduler                      0x08001f05   Thumb Code   154  port.o(i.xPortStartScheduler)
    xPortSysTickHandler                      0x08001fad   Thumb Code    38  port.o(i.xPortSysTickHandler)
    xQueueCreateCountingSemaphore            0x08001fd9   Thumb Code    58  queue.o(i.xQueueCreateCountingSemaphore)
    xQueueCreateCountingSemaphoreStatic      0x08002013   Thumb Code    64  queue.o(i.xQueueCreateCountingSemaphoreStatic)
    xQueueCreateMutex                        0x08002053   Thumb Code    22  queue.o(i.xQueueCreateMutex)
    xQueueCreateMutexStatic                  0x08002069   Thumb Code    26  queue.o(i.xQueueCreateMutexStatic)
    xQueueGenericCreate                      0x08002083   Thumb Code    66  queue.o(i.xQueueGenericCreate)
    xQueueGenericCreateStatic                0x080020c5   Thumb Code   102  queue.o(i.xQueueGenericCreateStatic)
    xQueueGenericReset                       0x0800212d   Thumb Code   132  queue.o(i.xQueueGenericReset)
    xQueueGenericSend                        0x080021b5   Thumb Code   346  queue.o(i.xQueueGenericSend)
    xQueueGenericSendFromISR                 0x08002315   Thumb Code   190  queue.o(i.xQueueGenericSendFromISR)
    xQueueReceive                            0x080023d5   Thumb Code   308  queue.o(i.xQueueReceive)
    xTaskCheckForTimeOut                     0x0800250d   Thumb Code   112  tasks.o(i.xTaskCheckForTimeOut)
    xTaskCreate                              0x08002581   Thumb Code    90  tasks.o(i.xTaskCreate)
    xTaskCreateStatic                        0x080025db   Thumb Code    86  tasks.o(i.xTaskCreateStatic)
    xTaskGetSchedulerState                   0x08002631   Thumb Code    22  tasks.o(i.xTaskGetSchedulerState)
    xTaskGetTickCount                        0x0800264d   Thumb Code     6  tasks.o(i.xTaskGetTickCount)
    xTaskIncrementTick                       0x08002659   Thumb Code   192  tasks.o(i.xTaskIncrementTick)
    xTaskPriorityDisinherit                  0x08002721   Thumb Code   118  tasks.o(i.xTaskPriorityDisinherit)
    xTaskRemoveFromEventList                 0x080027a1   Thumb Code    98  tasks.o(i.xTaskRemoveFromEventList)
    xTaskResumeAll                           0x08002811   Thumb Code   182  tasks.o(i.xTaskResumeAll)
    xTimerCreateTimerTask                    0x080028d5   Thumb Code    78  timers.o(i.xTimerCreateTimerTask)
    xTimerGenericCommand                     0x08002935   Thumb Code    98  timers.o(i.xTimerGenericCommand)
    Task1_attributes                         0x0800299c   Data          36  freertos.o(.constdata)
    myTask02_attributes                      0x080029c0   Data          36  freertos.o(.constdata)
    myQueue01_attributes                     0x080029e4   Data          24  freertos.o(.constdata)
    myMutex01_attributes                     0x080029fc   Data          16  freertos.o(.constdata)
    myBinarySem01_attributes                 0x08002a0c   Data          16  freertos.o(.constdata)
    AHBPrescTable                            0x08002a2e   Data          16  system_stm32f1xx.o(.constdata)
    APBPrescTable                            0x08002a3e   Data           8  system_stm32f1xx.o(.constdata)
    Region$$Table$$Base                      0x08002a84   Number         0  anon$$obj.o(Region$$Table)
    Region$$Table$$Limit                     0x08002aa4   Number         0  anon$$obj.o(Region$$Table)
    Task1Handle                              0x20000000   Data           4  freertos.o(.data)
    myTask02Handle                           0x20000004   Data           4  freertos.o(.data)
    myQueue01Handle                          0x20000008   Data           4  freertos.o(.data)
    myMutex01Handle                          0x2000000c   Data           4  freertos.o(.data)
    myBinarySem01Handle                      0x20000010   Data           4  freertos.o(.data)
    uwTickFreq                               0x20000014   Data           1  stm32f1xx_hal.o(.data)
    uwTickPrio                               0x20000018   Data           4  stm32f1xx_hal.o(.data)
    uwTick                                   0x2000001c   Data           4  stm32f1xx_hal.o(.data)
    SystemCoreClock                          0x20000020   Data           4  system_stm32f1xx.o(.data)
    pxCurrentTCB                             0x20000024   Data           4  tasks.o(.data)
    htim6                                    0x200000a4   Data          72  stm32f1xx_hal_timebase_tim.o(.bss)
    xQueueRegistry                           0x200000ec   Data          64  queue.o(.bss)
    __libspace_start                         0x2000adc0   Data          96  libspace.o(.bss)
    __temporary_stack_top$libspace           0x2000ae20   Data           0  libspace.o(.bss)



==============================================================================

Memory Map of the image

  Image Entry point : 0x08000131

  Load Region LR_IROM1 (Base: 0x08000000, Size: 0x00002b48, Max: 0x00040000, ABSOLUTE)

    Execution Region ER_IROM1 (Exec base: 0x08000000, Load base: 0x08000000, Size: 0x00002aa4, Max: 0x00040000, ABSOLUTE)

    Exec Addr    Load Addr    Size         Type   Attr      Idx    E Section Name        Object

    0x08000000   0x08000000   0x00000130   Data   RO            3    RESET               startup_stm32f103xe.o
    0x08000130   0x08000130   0x00000008   Code   RO         4169  * !!!main             c_w.l(__main.o)
    0x08000138   0x08000138   0x00000034   Code   RO         4330    !!!scatter          c_w.l(__scatter.o)
    0x0800016c   0x0800016c   0x0000001a   Code   RO         4332    !!handler_copy      c_w.l(__scatter_copy.o)
    0x08000186   0x08000186   0x00000002   PAD
    0x08000188   0x08000188   0x0000001c   Code   RO         4334    !!handler_zi        c_w.l(__scatter_zi.o)
    0x080001a4   0x080001a4   0x00000002   Code   RO         4200    .ARM.Collect$$libinit$$00000000  c_w.l(libinit.o)
    0x080001a6   0x080001a6   0x00000000   Code   RO         4207    .ARM.Collect$$libinit$$00000002  c_w.l(libinit2.o)
    0x080001a6   0x080001a6   0x00000000   Code   RO         4209    .ARM.Collect$$libinit$$00000004  c_w.l(libinit2.o)
    0x080001a6   0x080001a6   0x00000000   Code   RO         4212    .ARM.Collect$$libinit$$0000000A  c_w.l(libinit2.o)
    0x080001a6   0x080001a6   0x00000000   Code   RO         4214    .ARM.Collect$$libinit$$0000000C  c_w.l(libinit2.o)
    0x080001a6   0x080001a6   0x00000000   Code   RO         4216    .ARM.Collect$$libinit$$0000000E  c_w.l(libinit2.o)
    0x080001a6   0x080001a6   0x00000000   Code   RO         4219    .ARM.Collect$$libinit$$00000011  c_w.l(libinit2.o)
    0x080001a6   0x080001a6   0x00000000   Code   RO         4221    .ARM.Collect$$libinit$$00000013  c_w.l(libinit2.o)
    0x080001a6   0x080001a6   0x00000000   Code   RO         4223    .ARM.Collect$$libinit$$00000015  c_w.l(libinit2.o)
    0x080001a6   0x080001a6   0x00000000   Code   RO         4225    .ARM.Collect$$libinit$$00000017  c_w.l(libinit2.o)
    0x080001a6   0x080001a6   0x00000000   Code   RO         4227    .ARM.Collect$$libinit$$00000019  c_w.l(libinit2.o)
    0x080001a6   0x080001a6   0x00000000   Code   RO         4229    .ARM.Collect$$libinit$$0000001B  c_w.l(libinit2.o)
    0x080001a6   0x080001a6   0x00000000   Code   RO         4231    .ARM.Collect$$libinit$$0000001D  c_w.l(libinit2.o)
    0x080001a6   0x080001a6   0x00000000   Code   RO         4233    .ARM.Collect$$libinit$$0000001F  c_w.l(libinit2.o)
    0x080001a6   0x080001a6   0x00000000   Code   RO         4235    .ARM.Collect$$libinit$$00000021  c_w.l(libinit2.o)
    0x080001a6   0x080001a6   0x00000000   Code   RO         4237    .ARM.Collect$$libinit$$00000023  c_w.l(libinit2.o)
    0x080001a6   0x080001a6   0x00000000   Code   RO         4239    .ARM.Collect$$libinit$$00000025  c_w.l(libinit2.o)
    0x080001a6   0x080001a6   0x00000000   Code   RO         4243    .ARM.Collect$$libinit$$0000002C  c_w.l(libinit2.o)
    0x080001a6   0x080001a6   0x00000000   Code   RO         4245    .ARM.Collect$$libinit$$0000002E  c_w.l(libinit2.o)
    0x080001a6   0x080001a6   0x00000000   Code   RO         4247    .ARM.Collect$$libinit$$00000030  c_w.l(libinit2.o)
    0x080001a6   0x080001a6   0x00000000   Code   RO         4249    .ARM.Collect$$libinit$$00000032  c_w.l(libinit2.o)
    0x080001a6   0x080001a6   0x00000002   Code   RO         4250    .ARM.Collect$$libinit$$00000033  c_w.l(libinit2.o)
    0x080001a8   0x080001a8   0x00000002   Code   RO         4270    .ARM.Collect$$libshutdown$$00000000  c_w.l(libshutdown.o)
    0x080001aa   0x080001aa   0x00000000   Code   RO         4283    .ARM.Collect$$libshutdown$$00000002  c_w.l(libshutdown2.o)
    0x080001aa   0x080001aa   0x00000000   Code   RO         4285    .ARM.Collect$$libshutdown$$00000004  c_w.l(libshutdown2.o)
    0x080001aa   0x080001aa   0x00000000   Code   RO         4288    .ARM.Collect$$libshutdown$$00000007  c_w.l(libshutdown2.o)
    0x080001aa   0x080001aa   0x00000000   Code   RO         4291    .ARM.Collect$$libshutdown$$0000000A  c_w.l(libshutdown2.o)
    0x080001aa   0x080001aa   0x00000000   Code   RO         4293    .ARM.Collect$$libshutdown$$0000000C  c_w.l(libshutdown2.o)
    0x080001aa   0x080001aa   0x00000000   Code   RO         4296    .ARM.Collect$$libshutdown$$0000000F  c_w.l(libshutdown2.o)
    0x080001aa   0x080001aa   0x00000002   Code   RO         4297    .ARM.Collect$$libshutdown$$00000010  c_w.l(libshutdown2.o)
    0x080001ac   0x080001ac   0x00000000   Code   RO         4171    .ARM.Collect$$rtentry$$00000000  c_w.l(__rtentry.o)
    0x080001ac   0x080001ac   0x00000000   Code   RO         4177    .ARM.Collect$$rtentry$$00000002  c_w.l(__rtentry2.o)
    0x080001ac   0x080001ac   0x00000006   Code   RO         4189    .ARM.Collect$$rtentry$$00000004  c_w.l(__rtentry4.o)
    0x080001b2   0x080001b2   0x00000000   Code   RO         4179    .ARM.Collect$$rtentry$$00000009  c_w.l(__rtentry2.o)
    0x080001b2   0x080001b2   0x00000004   Code   RO         4180    .ARM.Collect$$rtentry$$0000000A  c_w.l(__rtentry2.o)
    0x080001b6   0x080001b6   0x00000000   Code   RO         4182    .ARM.Collect$$rtentry$$0000000C  c_w.l(__rtentry2.o)
    0x080001b6   0x080001b6   0x00000008   Code   RO         4183    .ARM.Collect$$rtentry$$0000000D  c_w.l(__rtentry2.o)
    0x080001be   0x080001be   0x00000002   Code   RO         4204    .ARM.Collect$$rtexit$$00000000  c_w.l(rtexit.o)
    0x080001c0   0x080001c0   0x00000000   Code   RO         4252    .ARM.Collect$$rtexit$$00000002  c_w.l(rtexit2.o)
    0x080001c0   0x080001c0   0x00000004   Code   RO         4253    .ARM.Collect$$rtexit$$00000003  c_w.l(rtexit2.o)
    0x080001c4   0x080001c4   0x00000006   Code   RO         4254    .ARM.Collect$$rtexit$$00000004  c_w.l(rtexit2.o)
    0x080001ca   0x080001ca   0x00000002   PAD
    0x080001cc   0x080001cc   0x00000096   Code   RO         4078    .emb_text           port.o
    0x08000262   0x08000262   0x00000002   PAD
    0x08000264   0x08000264   0x00000040   Code   RO            4    .text               startup_stm32f103xe.o
    0x080002a4   0x080002a4   0x0000008a   Code   RO         4159    .text               c_w.l(rt_memcpy_v6.o)
    0x0800032e   0x0800032e   0x00000010   Code   RO         4163    .text               c_w.l(aeabi_memset.o)
    0x0800033e   0x0800033e   0x0000004e   Code   RO         4165    .text               c_w.l(rt_memclr_w.o)
    0x0800038c   0x0800038c   0x00000006   Code   RO         4167    .text               c_w.l(heapauxi.o)
    0x08000392   0x08000392   0x00000064   Code   RO         4172    .text               c_w.l(rt_memcpy_w.o)
    0x080003f6   0x080003f6   0x00000044   Code   RO         4174    .text               c_w.l(rt_memclr.o)
    0x0800043a   0x0800043a   0x0000004a   Code   RO         4191    .text               c_w.l(sys_stackheap_outer.o)
    0x08000484   0x08000484   0x00000012   Code   RO         4193    .text               c_w.l(exit.o)
    0x08000496   0x08000496   0x00000002   PAD
    0x08000498   0x08000498   0x00000008   Code   RO         4201    .text               c_w.l(libspace.o)
    0x080004a0   0x080004a0   0x0000000c   Code   RO         4262    .text               c_w.l(sys_exit.o)
    0x080004ac   0x080004ac   0x00000002   Code   RO         4273    .text               c_w.l(use_no_semi.o)
    0x080004ae   0x080004ae   0x00000000   Code   RO         4275    .text               c_w.l(indicate_semi.o)
    0x080004ae   0x080004ae   0x00000002   Code   RO          249    i.BusFault_Handler  stm32f1xx_it.o
    0x080004b0   0x080004b0   0x00000002   Code   RO          250    i.DebugMon_Handler  stm32f1xx_it.o
    0x080004b2   0x080004b2   0x00000002   PAD
    0x080004b4   0x080004b4   0x0000000c   Code   RO         1396    i.HAL_GetTick       stm32f1xx_hal.o
    0x080004c0   0x080004c0   0x00000010   Code   RO         1402    i.HAL_IncTick       stm32f1xx_hal.o
    0x080004d0   0x080004d0   0x00000024   Code   RO         1403    i.HAL_Init          stm32f1xx_hal.o
    0x080004f4   0x080004f4   0x00000098   Code   RO          337    i.HAL_InitTick      stm32f1xx_hal_timebase_tim.o
    0x0800058c   0x0800058c   0x00000048   Code   RO          313    i.HAL_MspInit       stm32f1xx_hal_msp.o
    0x080005d4   0x080005d4   0x0000001a   Code   RO         1862    i.HAL_NVIC_EnableIRQ  stm32f1xx_hal_cortex.o
    0x080005ee   0x080005ee   0x00000002   PAD
    0x080005f0   0x080005f0   0x00000040   Code   RO         1868    i.HAL_NVIC_SetPriority  stm32f1xx_hal_cortex.o
    0x08000630   0x08000630   0x00000024   Code   RO         1869    i.HAL_NVIC_SetPriorityGrouping  stm32f1xx_hal_cortex.o
    0x08000654   0x08000654   0x0000012c   Code   RO         1560    i.HAL_RCC_ClockConfig  stm32f1xx_hal_rcc.o
    0x08000780   0x08000780   0x00000040   Code   RO         1564    i.HAL_RCC_GetClockConfig  stm32f1xx_hal_rcc.o
    0x080007c0   0x080007c0   0x00000020   Code   RO         1567    i.HAL_RCC_GetPCLK1Freq  stm32f1xx_hal_rcc.o
    0x080007e0   0x080007e0   0x0000004c   Code   RO         1569    i.HAL_RCC_GetSysClockFreq  stm32f1xx_hal_rcc.o
    0x0800082c   0x0800082c   0x00000320   Code   RO         1572    i.HAL_RCC_OscConfig  stm32f1xx_hal_rcc.o
    0x08000b4c   0x08000b4c   0x00000002   Code   RO         1118    i.HAL_TIMEx_BreakCallback  stm32f1xx_hal_tim_ex.o
    0x08000b4e   0x08000b4e   0x00000002   Code   RO         1119    i.HAL_TIMEx_CommutCallback  stm32f1xx_hal_tim_ex.o
    0x08000b50   0x08000b50   0x0000005a   Code   RO          414    i.HAL_TIM_Base_Init  stm32f1xx_hal_tim.o
    0x08000baa   0x08000baa   0x00000002   Code   RO          416    i.HAL_TIM_Base_MspInit  stm32f1xx_hal_tim.o
    0x08000bac   0x08000bac   0x0000006c   Code   RO          419    i.HAL_TIM_Base_Start_IT  stm32f1xx_hal_tim.o
    0x08000c18   0x08000c18   0x00000002   Code   RO          448    i.HAL_TIM_IC_CaptureCallback  stm32f1xx_hal_tim.o
    0x08000c1a   0x08000c1a   0x00000130   Code   RO          462    i.HAL_TIM_IRQHandler  stm32f1xx_hal_tim.o
    0x08000d4a   0x08000d4a   0x00000002   Code   RO          465    i.HAL_TIM_OC_DelayElapsedCallback  stm32f1xx_hal_tim.o
    0x08000d4c   0x08000d4c   0x00000002   Code   RO          492    i.HAL_TIM_PWM_PulseFinishedCallback  stm32f1xx_hal_tim.o
    0x08000d4e   0x08000d4e   0x00000002   PAD
    0x08000d50   0x08000d50   0x00000014   Code   RO           14    i.HAL_TIM_PeriodElapsedCallback  main.o
    0x08000d64   0x08000d64   0x00000002   Code   RO          505    i.HAL_TIM_TriggerCallback  stm32f1xx_hal_tim.o
    0x08000d66   0x08000d66   0x00000002   Code   RO          251    i.HardFault_Handler  stm32f1xx_it.o
    0x08000d68   0x08000d68   0x00000058   Code   RO          200    i.MX_FREERTOS_Init  freertos.o
    0x08000dc0   0x08000dc0   0x0000003c   Code   RO          176    i.MX_GPIO_Init      gpio.o
    0x08000dfc   0x08000dfc   0x00000002   Code   RO          252    i.MemManage_Handler  stm32f1xx_it.o
    0x08000dfe   0x08000dfe   0x00000002   Code   RO          253    i.NMI_Handler       stm32f1xx_it.o
    0x08000e00   0x08000e00   0x00000008   Code   RO          201    i.StartTask02       freertos.o
    0x08000e08   0x08000e08   0x0000001a   Code   RO         3510    i.SysTick_Handler   cmsis_os2.o
    0x08000e22   0x08000e22   0x0000005e   Code   RO           15    i.SystemClock_Config  main.o
    0x08000e80   0x08000e80   0x00000002   Code   RO         2363    i.SystemInit        system_stm32f1xx.o
    0x08000e82   0x08000e82   0x00000002   PAD
    0x08000e84   0x08000e84   0x0000000c   Code   RO          254    i.TIM6_IRQHandler   stm32f1xx_it.o
    0x08000e90   0x08000e90   0x0000009c   Code   RO          507    i.TIM_Base_SetConfig  stm32f1xx_hal_tim.o
    0x08000f2c   0x08000f2c   0x00000008   Code   RO          202    i.Task1_Func        freertos.o
    0x08000f34   0x08000f34   0x00000002   Code   RO          255    i.UsageFault_Handler  stm32f1xx_it.o
    0x08000f36   0x08000f36   0x00000020   Code   RO         1875    i.__NVIC_SetPriority  stm32f1xx_hal_cortex.o
    0x08000f56   0x08000f56   0x0000001a   Code   RO           16    i.main              main.o
    0x08000f70   0x08000f70   0x0000001a   Code   RO         3512    i.osDelay           cmsis_os2.o
    0x08000f8a   0x08000f8a   0x00000002   PAD
    0x08000f8c   0x08000f8c   0x00000024   Code   RO         3526    i.osKernelInitialize  cmsis_os2.o
    0x08000fb0   0x08000fb0   0x00000038   Code   RO         3529    i.osKernelStart     cmsis_os2.o
    0x08000fe8   0x08000fe8   0x00000058   Code   RO         3546    i.osMessageQueueNew  cmsis_os2.o
    0x08001040   0x08001040   0x00000068   Code   RO         3552    i.osMutexNew        cmsis_os2.o
    0x080010a8   0x080010a8   0x00000098   Code   RO         3557    i.osSemaphoreNew    cmsis_os2.o
    0x08001140   0x08001140   0x0000008a   Code   RO         3571    i.osThreadNew       cmsis_os2.o
    0x080011ca   0x080011ca   0x00000002   PAD
    0x080011cc   0x080011cc   0x0000005c   Code   RO         2971    i.prvAddCurrentTaskToDelayedList  tasks.o
    0x08001228   0x08001228   0x000000d0   Code   RO         2972    i.prvAddNewTaskToReadyList  tasks.o
    0x080012f8   0x080012f8   0x00000058   Code   RO         3336    i.prvCheckForValidListAndQueue  timers.o
    0x08001350   0x08001350   0x00000026   Code   RO         2568    i.prvCopyDataFromQueue  queue.o
    0x08001376   0x08001376   0x0000006c   Code   RO         2569    i.prvCopyDataToQueue  queue.o
    0x080013e2   0x080013e2   0x00000034   Code   RO         2973    i.prvDeleteTCB      tasks.o
    0x08001416   0x08001416   0x00000002   PAD
    0x08001418   0x08001418   0x0000004c   Code   RO         4023    i.prvHeapInit       heap_4.o
    0x08001464   0x08001464   0x00000060   Code   RO         2974    i.prvIdleTask       tasks.o
    0x080014c4   0x080014c4   0x00000016   Code   RO         2570    i.prvInitialiseMutex  queue.o
    0x080014da   0x080014da   0x00000002   PAD
    0x080014dc   0x080014dc   0x00000022   Code   RO         2571    i.prvInitialiseNewQueue  queue.o
    0x080014fe   0x080014fe   0x00000002   PAD
    0x08001500   0x08001500   0x000000b0   Code   RO         2975    i.prvInitialiseNewTask  tasks.o
    0x080015b0   0x080015b0   0x0000004c   Code   RO         4024    i.prvInsertBlockIntoFreeList  heap_4.o
    0x080015fc   0x080015fc   0x00000038   Code   RO         3338    i.prvInsertTimerInActiveList  timers.o
    0x08001634   0x08001634   0x0000001c   Code   RO         2572    i.prvIsQueueEmpty   queue.o
    0x08001650   0x08001650   0x000000fc   Code   RO         3339    i.prvProcessReceivedCommands  timers.o
    0x0800174c   0x0800174c   0x000000c0   Code   RO         3340    i.prvProcessTimerOrBlockTask  timers.o
    0x0800180c   0x0800180c   0x00000020   Code   RO         2977    i.prvResetNextTaskUnblockTime  tasks.o
    0x0800182c   0x0800182c   0x00000028   Code   RO         3341    i.prvSampleTimeNow  timers.o
    0x08001854   0x08001854   0x0000006c   Code   RO         3342    i.prvSwitchTimerLists  timers.o
    0x080018c0   0x080018c0   0x00000028   Code   RO         4079    i.prvTaskExitError  port.o
    0x080018e8   0x080018e8   0x00000024   Code   RO         3343    i.prvTimerTask      timers.o
    0x0800190c   0x0800190c   0x0000006a   Code   RO         2573    i.prvUnlockQueue    queue.o
    0x08001976   0x08001976   0x00000002   PAD
    0x08001978   0x08001978   0x000000dc   Code   RO         4025    i.pvPortMalloc      heap_4.o
    0x08001a54   0x08001a54   0x00000024   Code   RO         4080    i.pxPortInitialiseStack  port.o
    0x08001a78   0x08001a78   0x00000026   Code   RO         2528    i.uxListRemove      list.o
    0x08001a9e   0x08001a9e   0x00000002   PAD
    0x08001aa0   0x08001aa0   0x00000014   Code   RO         3583    i.vApplicationGetIdleTaskMemory  cmsis_os2.o
    0x08001ab4   0x08001ab4   0x00000018   Code   RO         3584    i.vApplicationGetTimerTaskMemory  cmsis_os2.o
    0x08001acc   0x08001acc   0x00000016   Code   RO         2529    i.vListInitialise   list.o
    0x08001ae2   0x08001ae2   0x00000006   Code   RO         2530    i.vListInitialiseItem  list.o
    0x08001ae8   0x08001ae8   0x00000030   Code   RO         2531    i.vListInsert       list.o
    0x08001b18   0x08001b18   0x00000018   Code   RO         2532    i.vListInsertEnd    list.o
    0x08001b30   0x08001b30   0x00000040   Code   RO         4082    i.vPortEnterCritical  port.o
    0x08001b70   0x08001b70   0x00000028   Code   RO         4083    i.vPortExitCritical  port.o
    0x08001b98   0x08001b98   0x00000064   Code   RO         4026    i.vPortFree         heap_4.o
    0x08001bfc   0x08001bfc   0x00000024   Code   RO         4084    i.vPortSetupTimerInterrupt  port.o
    0x08001c20   0x08001c20   0x00000054   Code   RO         4085    i.vPortValidateInterruptPriority  port.o
    0x08001c74   0x08001c74   0x00000028   Code   RO         2579    i.vQueueAddToRegistry  queue.o
    0x08001c9c   0x08001c9c   0x0000002e   Code   RO         2580    i.vQueueDelete      queue.o
    0x08001cca   0x08001cca   0x00000002   PAD
    0x08001ccc   0x08001ccc   0x00000028   Code   RO         2582    i.vQueueUnregisterQueue  queue.o
    0x08001cf4   0x08001cf4   0x00000044   Code   RO         2583    i.vQueueWaitForMessageRestricted  queue.o
    0x08001d38   0x08001d38   0x0000004c   Code   RO         2990    i.vTaskDelay        tasks.o
    0x08001d84   0x08001d84   0x00000010   Code   RO         2995    i.vTaskInternalSetTimeOutState  tasks.o
    0x08001d94   0x08001d94   0x0000000c   Code   RO         2996    i.vTaskMissedYield  tasks.o
    0x08001da0   0x08001da0   0x00000030   Code   RO         2998    i.vTaskPlaceOnEventList  tasks.o
    0x08001dd0   0x08001dd0   0x00000038   Code   RO         2999    i.vTaskPlaceOnEventListRestricted  tasks.o
    0x08001e08   0x08001e08   0x00000088   Code   RO         3007    i.vTaskStartScheduler  tasks.o
    0x08001e90   0x08001e90   0x00000010   Code   RO         3009    i.vTaskSuspendAll   tasks.o
    0x08001ea0   0x08001ea0   0x00000064   Code   RO         3010    i.vTaskSwitchContext  tasks.o
    0x08001f04   0x08001f04   0x000000a8   Code   RO         4086    i.xPortStartScheduler  port.o
    0x08001fac   0x08001fac   0x0000002c   Code   RO         4087    i.xPortSysTickHandler  port.o
    0x08001fd8   0x08001fd8   0x0000003a   Code   RO         2584    i.xQueueCreateCountingSemaphore  queue.o
    0x08002012   0x08002012   0x00000040   Code   RO         2585    i.xQueueCreateCountingSemaphoreStatic  queue.o
    0x08002052   0x08002052   0x00000016   Code   RO         2586    i.xQueueCreateMutex  queue.o
    0x08002068   0x08002068   0x0000001a   Code   RO         2587    i.xQueueCreateMutexStatic  queue.o
    0x08002082   0x08002082   0x00000042   Code   RO         2588    i.xQueueGenericCreate  queue.o
    0x080020c4   0x080020c4   0x00000066   Code   RO         2589    i.xQueueGenericCreateStatic  queue.o
    0x0800212a   0x0800212a   0x00000002   PAD
    0x0800212c   0x0800212c   0x00000088   Code   RO         2590    i.xQueueGenericReset  queue.o
    0x080021b4   0x080021b4   0x00000160   Code   RO         2591    i.xQueueGenericSend  queue.o
    0x08002314   0x08002314   0x000000be   Code   RO         2592    i.xQueueGenericSendFromISR  queue.o
    0x080023d2   0x080023d2   0x00000002   PAD
    0x080023d4   0x080023d4   0x00000138   Code   RO         2601    i.xQueueReceive     queue.o
    0x0800250c   0x0800250c   0x00000074   Code   RO         3012    i.xTaskCheckForTimeOut  tasks.o
    0x08002580   0x08002580   0x0000005a   Code   RO         3013    i.xTaskCreate       tasks.o
    0x080025da   0x080025da   0x00000056   Code   RO         3014    i.xTaskCreateStatic  tasks.o
    0x08002630   0x08002630   0x0000001c   Code   RO         3018    i.xTaskGetSchedulerState  tasks.o
    0x0800264c   0x0800264c   0x0000000c   Code   RO         3019    i.xTaskGetTickCount  tasks.o
    0x08002658   0x08002658   0x000000c8   Code   RO         3021    i.xTaskIncrementTick  tasks.o
    0x08002720   0x08002720   0x00000080   Code   RO         3024    i.xTaskPriorityDisinherit  tasks.o
    0x080027a0   0x080027a0   0x00000070   Code   RO         3026    i.xTaskRemoveFromEventList  tasks.o
    0x08002810   0x08002810   0x000000c4   Code   RO         3027    i.xTaskResumeAll    tasks.o
    0x080028d4   0x080028d4   0x00000060   Code   RO         3352    i.xTimerCreateTimerTask  timers.o
    0x08002934   0x08002934   0x00000068   Code   RO         3353    i.xTimerGenericCommand  timers.o
    0x0800299c   0x0800299c   0x00000080   Data   RO          203    .constdata          freertos.o
    0x08002a1c   0x08002a1c   0x00000012   Data   RO         1573    .constdata          stm32f1xx_hal_rcc.o
    0x08002a2e   0x08002a2e   0x00000010   Data   RO         2364    .constdata          system_stm32f1xx.o
    0x08002a3e   0x08002a3e   0x00000008   Data   RO         2365    .constdata          system_stm32f1xx.o
    0x08002a46   0x08002a46   0x00000002   PAD
    0x08002a48   0x08002a48   0x00000039   Data   RO          204    .conststring        freertos.o
    0x08002a81   0x08002a81   0x00000003   PAD
    0x08002a84   0x08002a84   0x00000020   Data   RO         4328    Region$$Table       anon$$obj.o


    Execution Region RW_IRAM1 (Exec base: 0x20000000, Load base: 0x08002aa4, Size: 0x0000b420, Max: 0x0000c000, ABSOLUTE)

    Exec Addr    Load Addr    Size         Type   Attr      Idx    E Section Name        Object

    0x20000000   0x08002aa4   0x00000014   Data   RW          205    .data               freertos.o
    0x20000014   0x08002ab8   0x0000000c   Data   RW         1410    .data               stm32f1xx_hal.o
    0x20000020   0x08002ac4   0x00000004   Data   RW         2366    .data               system_stm32f1xx.o
    0x20000024   0x08002ac8   0x0000003c   Data   RW         3030    .data               tasks.o
    0x20000060   0x08002b04   0x00000014   Data   RW         3361    .data               timers.o
    0x20000074   0x08002b18   0x00000004   Data   RW         3586    .data               cmsis_os2.o
    0x20000078   0x08002b1c   0x00000020   Data   RW         4032    .data               heap_4.o
    0x20000098   0x08002b3c   0x0000000c   Data   RW         4088    .data               port.o
    0x200000a4        -       0x00000048   Zero   RW          340    .bss                stm32f1xx_hal_timebase_tim.o
    0x200000ec        -       0x00000040   Zero   RW         2605    .bss                queue.o
    0x2000012c        -       0x000004c4   Zero   RW         3029    .bss                tasks.o
    0x200005f0        -       0x00000118   Zero   RW         3360    .bss                timers.o
    0x20000708        -       0x000006b8   Zero   RW         3585    .bss                cmsis_os2.o
    0x20000dc0        -       0x0000a000   Zero   RW         4031    .bss                heap_4.o
    0x2000adc0        -       0x00000060   Zero   RW         4202    .bss                c_w.l(libspace.o)
    0x2000ae20        -       0x00000200   Zero   RW            2    HEAP                startup_stm32f103xe.o
    0x2000b020        -       0x00000400   Zero   RW            1    STACK               startup_stm32f103xe.o


==============================================================================

Image component sizes


      Code (inc. data)   RO Data    RW Data    ZI Data      Debug   Object Name

       670         22          0          4       1720      61925   cmsis_os2.o
         0          0          0          0          0      19688   event_groups.o
       104         18        185         20          0       2599   freertos.o
        60          6          0          0          0        835   gpio.o
       472         24          0         32      40960       4827   heap_4.o
       138          0          0          0          0       3458   list.o
       140          6          0          0          0     487104   main.o
       662         70          0         12          0      10833   port.o
      1858         24          0          0         64      23269   queue.o
        64         26        304          0       1536        820   startup_stm32f103xe.o
        64         14          0         12          0       5302   stm32f1xx_hal.o
       158         14          0          0          0      28242   stm32f1xx_hal_cortex.o
        72         10          0          0          0        890   stm32f1xx_hal_msp.o
      1272         82         18          0          0       5226   stm32f1xx_hal_rcc.o
       668         42          0          0          0       7288   stm32f1xx_hal_tim.o
         4          0          0          0          0       1605   stm32f1xx_hal_tim_ex.o
       152         20          0          0         72       1503   stm32f1xx_hal_timebase_tim.o
        24          6          0          0          0       3083   stm32f1xx_it.o
         0          0          0          0          0        408   stream_buffer.o
         2          0         24          4          0       1143   system_stm32f1xx.o
      2084        168          0         60       1220      26420   tasks.o
       972         80          0         20        280      32195   timers.o

    ----------------------------------------------------------------------
      9670        632        568        164      45852     728663   Object Totals
         0          0         32          0          0          0   (incl. Generated)
        30          0          5          0          0          0   (incl. Padding)

    ----------------------------------------------------------------------

      Code (inc. data)   RO Data    RW Data    ZI Data      Debug   Library Member Name

         8          0          0          0          0         68   __main.o
         0          0          0          0          0          0   __rtentry.o
        12          0          0          0          0          0   __rtentry2.o
         6          0          0          0          0          0   __rtentry4.o
        52          8          0          0          0          0   __scatter.o
        26          0          0          0          0          0   __scatter_copy.o
        28          0          0          0          0          0   __scatter_zi.o
        16          0          0          0          0         68   aeabi_memset.o
        18          0          0          0          0         80   exit.o
         6          0          0          0          0        152   heapauxi.o
         0          0          0          0          0          0   indicate_semi.o
         2          0          0          0          0          0   libinit.o
         2          0          0          0          0          0   libinit2.o
         2          0          0          0          0          0   libshutdown.o
         2          0          0          0          0          0   libshutdown2.o
         8          4          0          0         96         68   libspace.o
        68          0          0          0          0         68   rt_memclr.o
        78          0          0          0          0         80   rt_memclr_w.o
       138          0          0          0          0         68   rt_memcpy_v6.o
       100          0          0          0          0         80   rt_memcpy_w.o
         2          0          0          0          0          0   rtexit.o
        10          0          0          0          0          0   rtexit2.o
        12          4          0          0          0         68   sys_exit.o
        74          0          0          0          0         80   sys_stackheap_outer.o
         2          0          0          0          0         68   use_no_semi.o

    ----------------------------------------------------------------------
       678         16          0          0         96        948   Library Totals
         6          0          0          0          0          0   (incl. Padding)

    ----------------------------------------------------------------------

      Code (inc. data)   RO Data    RW Data    ZI Data      Debug   Library Name

       672         16          0          0         96        948   c_w.l

    ----------------------------------------------------------------------
       678         16          0          0         96        948   Library Totals

    ----------------------------------------------------------------------

==============================================================================


      Code (inc. data)   RO Data    RW Data    ZI Data      Debug   

     10348        648        568        164      45948     723263   Grand Totals
     10348        648        568        164      45948     723263   ELF Image Totals
     10348        648        568        164          0          0   ROM Totals

==============================================================================

    Total RO  Size (Code + RO Data)                10916 (  10.66kB)
    Total RW  Size (RW Data + ZI Data)             46112 (  45.03kB)
    Total ROM Size (Code + RO Data + RW Data)      11080 (  10.82kB)

==============================================================================

